Component: ARM Compiler 5.06 update 4 (build 422) Tool: armlink [4d35d2]

==============================================================================

Section Cross References

    main.o(i.ADC_IRQHandler) refers to tasks.o(i.vTaskNotifyGiveFromISR) for vTaskNotifyGiveFromISR
    main.o(i.ADC_IRQHandler) refers to main.o(.data) for myADC1
    main.o(i.AdjustMotorSpeed) refers to _printf_percent.o(.ARM.Collect$$_printf_percent$$00000000) for _printf_percent
    main.o(i.AdjustMotorSpeed) refers to _printf_d.o(.ARM.Collect$$_printf_percent$$00000009) for _printf_d
    main.o(i.AdjustMotorSpeed) refers to _printf_dec.o(.text) for _printf_int_dec
    main.o(i.AdjustMotorSpeed) refers to tasks.o(i.xTaskGetTickCount) for xTaskGetTickCount
    main.o(i.AdjustMotorSpeed) refers to tasks.o(i.vTaskDelayUntil) for vTaskDelayUntil
    main.o(i.AdjustMotorSpeed) refers to tasks.o(i.ulTaskNotifyTake) for ulTaskNotifyTake
    main.o(i.AdjustMotorSpeed) refers to noretval__2printf.o(.text) for __2printf
    main.o(i.AdjustMotorSpeed) refers to main.o(.bss) for Distance
    main.o(i.AdjustMotorSpeed) refers to main.o(.data) for myADC1
    main.o(i.GaugeDistanceAndDrive) refers to tasks.o(i.xTaskCreate) for xTaskCreate
    main.o(i.GaugeDistanceAndDrive) refers to noretval__2printf.o(.text) for __2printf
    main.o(i.GaugeDistanceAndDrive) refers to main.o(i.SampleIRSensors) for SampleIRSensors
    main.o(i.GaugeDistanceAndDrive) refers to main.o(.data) for xAdjustSpeedTaskHandle
    main.o(i.GaugeDistanceAndDrive) refers to main.o(i.AdjustMotorSpeed) for AdjustMotorSpeed
    main.o(i.IWDGCounterReload) refers to tasks.o(i.vTaskDelay) for vTaskDelay
    main.o(i.IWDGCounterReload) refers to main.o(.data) for myIWatchDog
    main.o(i.LEDHeartBeat) refers to tasks.o(i.vTaskDelay) for vTaskDelay
    main.o(i.LEDHeartBeat) refers to main.o(.data) for myPortD
    main.o(i.SampleIRSensors) refers to tasks.o(i.xTaskGetTickCount) for xTaskGetTickCount
    main.o(i.SampleIRSensors) refers to tasks.o(i.vTaskDelayUntil) for vTaskDelayUntil
    main.o(i.SampleIRSensors) refers to main.o(.data) for myADC1
    main.o(i.TestPWM) refers to tasks.o(i.vTaskDelay) for vTaskDelay
    main.o(i.TestPWM) refers to main.o(.data) for myTimer4
    main.o(i.main) refers to _printf_percent.o(.ARM.Collect$$_printf_percent$$00000000) for _printf_percent
    main.o(i.main) refers to _printf_x.o(.ARM.Collect$$_printf_percent$$0000000C) for _printf_x
    main.o(i.main) refers to _printf_hex_int.o(.text) for _printf_longlong_hex
    main.o(i.main) refers to system_stm32f4xx.o(i.SystemCoreClockUpdate) for SystemCoreClockUpdate
    main.o(i.main) refers to noretval__2printf.o(.text) for __2printf
    main.o(i.main) refers to main.o(.data) for myIWatchDog
    main.o(i.main) refers to trcsnapshotrecorder.o(i.vTraceEnable) for vTraceEnable
    main.o(i.main) refers to tasks.o(i.xTaskCreate) for xTaskCreate
    main.o(i.main) refers to main.o(i.GaugeDistanceAndDrive) for GaugeDistanceAndDrive
    main.o(i.main) refers to tasks.o(i.vTaskStartScheduler) for vTaskStartScheduler
    main.o(i.main) refers to main.o(i.IWDGCounterReload) for IWDGCounterReload
    main.o(i.main) refers to main.o(i.LEDHeartBeat) for LEDHeartBeat
    main.o(i.msec_Delay) refers to system_stm32f4xx.o(.data) for SystemCoreClock
    main.o(i.msec_Delay) refers to main.o(.data) for Delay
    trckernelport.o(i.prvTraceGetCurrentTaskHandle) refers to tasks.o(i.xTaskGetCurrentTaskHandle) for xTaskGetCurrentTaskHandle
    trckernelport.o(i.prvTraceGetObjectNumber) refers to queue.o(i.uxQueueGetQueueNumber) for uxQueueGetQueueNumber
    trckernelport.o(i.prvTraceGetObjectType) refers to queue.o(i.ucQueueGetQueueType) for ucQueueGetQueueType
    trckernelport.o(i.prvTraceGetTaskNumber) refers to tasks.o(i.uxTaskGetTaskNumber) for uxTaskGetTaskNumber
    trckernelport.o(i.prvTraceIsSchedulerSuspended) refers to tasks.o(i.xTaskGetSchedulerState) for xTaskGetSchedulerState
    trckernelport.o(i.pszTraceGetErrorNotEnoughHandles) refers to trckernelport.o(.conststring) for .conststring
    trckernelport.o(i.uiTraceIsObjectExcluded) refers to trcsnapshotrecorder.o(i.prvTraceError) for prvTraceError
    trckernelport.o(i.uiTraceIsObjectExcluded) refers to trckernelport.o(.conststring) for .conststring
    trckernelport.o(i.uiTraceIsObjectExcluded) refers to trcsnapshotrecorder.o(.data) for RecorderDataPtr
    trckernelport.o(i.vTraceInitObjectHandleStack) refers to trcsnapshotrecorder.o(.bss) for objectHandleStacks
    trckernelport.o(i.vTraceInitObjectPropertyTable) refers to trcsnapshotrecorder.o(.data) for RecorderDataPtr
    trckernelport.o(i.vTraceSetMutexName) refers to trckernelport.o(i.prvTraceGetObjectNumber) for prvTraceGetObjectNumber
    trckernelport.o(i.vTraceSetMutexName) refers to trckernelport.o(i.prvTraceGetObjectType) for prvTraceGetObjectType
    trckernelport.o(i.vTraceSetMutexName) refers to trcsnapshotrecorder.o(i.prvTraceSetObjectName) for prvTraceSetObjectName
[...]
    i.prvTraceStoreKernelCallWithNumericParamOnly 0x08003d58   Section        0  trcsnapshotrecorder.o(i.prvTraceStoreKernelCallWithNumericParamOnly)
    i.prvTraceStoreKernelCallWithParam       0x08003e58   Section        0  trcsnapshotrecorder.o(i.prvTraceStoreKernelCallWithParam)
    i.prvTraceStoreObjectNameOnCloseEvent    0x08003fd0   Section        0  trcsnapshotrecorder.o(i.prvTraceStoreObjectNameOnCloseEvent)
    i.prvTraceStoreObjectPropertiesOnCloseEvent 0x0800404c   Section        0  trcsnapshotrecorder.o(i.prvTraceStoreObjectPropertiesOnCloseEvent)
    i.prvTraceStoreTaskReady                 0x080040e0   Section        0  trcsnapshotrecorder.o(i.prvTraceStoreTaskReady)
    i.prvTraceStoreTaskswitch                0x08004204   Section        0  trcsnapshotrecorder.o(i.prvTraceStoreTaskswitch)
    i.prvTraceUpdateCounters                 0x080042f8   Section        0  trcsnapshotrecorder.o(i.prvTraceUpdateCounters)
    prvTraceUpdateCounters                   0x080042f9   Thumb Code    78  trcsnapshotrecorder.o(i.prvTraceUpdateCounters)
    i.prvUnlockQueue                         0x0800434c   Section        0  queue.o(i.prvUnlockQueue)
    prvUnlockQueue                           0x0800434d   Thumb Code   146  queue.o(i.prvUnlockQueue)
    i.pszTraceGetErrorNotEnoughHandles       0x080043e0   Section        0  trckernelport.o(i.pszTraceGetErrorNotEnoughHandles)
    i.pvPortMalloc                           0x08004460   Section        0  heap_4.o(i.pvPortMalloc)
    i.pvTaskIncrementMutexHeldCount          0x080045ac   Section        0  tasks.o(i.pvTaskIncrementMutexHeldCount)
    i.pxPortInitialiseStack                  0x080045cc   Section        0  port.o(i.pxPortInitialiseStack)
    i.stdout_putchar                         0x080045f8   Section        0  retarget_io.o(i.stdout_putchar)
    stdout_putchar                           0x080045f9   Thumb Code    12  retarget_io.o(i.stdout_putchar)
    i.ucQueueGetQueueType                    0x08004604   Section        0  queue.o(i.ucQueueGetQueueType)
    i.uiIndexOfObject                        0x0800460c   Section        0  trcsnapshotrecorder.o(i.uiIndexOfObject)
    i.uiTraceIsObjectExcluded                0x08004738   Section        0  trckernelport.o(i.uiTraceIsObjectExcluded)
    i.uiTraceStart                           0x0800488c   Section        0  trcsnapshotrecorder.o(i.uiTraceStart)
    i.ulTaskNotifyTake                       0x08004934   Section        0  tasks.o(i.ulTaskNotifyTake)
    i.uxListRemove                           0x08004a0c   Section        0  list.o(i.uxListRemove)
    i.uxQueueGetQueueNumber                  0x08004a34   Section        0  queue.o(i.uxQueueGetQueueNumber)
    i.uxTaskGetTaskNumber                    0x08004a3a   Section        0  tasks.o(i.uxTaskGetTaskNumber)
    i.vListInitialise                        0x08004a48   Section        0  list.o(i.vListInitialise)
    i.vListInitialiseItem                    0x08004a62   Section        0  list.o(i.vListInitialiseItem)
    i.vListInsert                            0x08004a68   Section        0  list.o(i.vListInsert)
    i.vListInsertEnd                         0x08004a9c   Section        0  list.o(i.vListInsertEnd)
    i.vPortEnterCritical                     0x08004ab4   Section        0  port.o(i.vPortEnterCritical)
    i.vPortExitCritical                      0x08004b08   Section        0  port.o(i.vPortExitCritical)
    i.vPortFree                              0x08004b44   Section        0  heap_4.o(i.vPortFree)
    i.vPortSetupTimerInterrupt               0x08004be4   Section        0  port.o(i.vPortSetupTimerInterrupt)
    i.vPortValidateInterruptPriority         0x08004c04   Section        0  port.o(i.vPortValidateInterruptPriority)
    i.vQueueWaitForMessageRestricted         0x08004c7c   Section        0  queue.o(i.vQueueWaitForMessageRestricted)
    i.vTaskDelay                             0x08004cc8   Section        0  tasks.o(i.vTaskDelay)
    i.vTaskDelayUntil                        0x08004d50   Section        0  tasks.o(i.vTaskDelayUntil)
    i.vTaskMissedYield                       0x08004e50   Section        0  tasks.o(i.vTaskMissedYield)
    i.vTaskNotifyGiveFromISR                 0x08004e5c   Section        0  tasks.o(i.vTaskNotifyGiveFromISR)
    i.vTaskPlaceOnEventList                  0x08004f6c   Section        0  tasks.o(i.vTaskPlaceOnEventList)
    i.vTaskPlaceOnEventListRestricted        0x08004fa4   Section        0  tasks.o(i.vTaskPlaceOnEventListRestricted)
    i.vTaskPriorityInherit                   0x08005018   Section        0  tasks.o(i.vTaskPriorityInherit)
    i.vTaskSetTimeOutState                   0x08005118   Section        0  tasks.o(i.vTaskSetTimeOutState)
    i.vTaskStartScheduler                    0x08005148   Section        0  tasks.o(i.vTaskStartScheduler)
    i.vTaskSuspendAll                        0x080051dc   Section        0  tasks.o(i.vTaskSuspendAll)
    i.vTaskSwitchContext                     0x080051ec   Section        0  tasks.o(i.vTaskSwitchContext)
    i.vTraceEnable                           0x08005288   Section        0  trcsnapshotrecorder.o(i.vTraceEnable)
    i.vTraceInitObjectHandleStack            0x08005324   Section        0  trckernelport.o(i.vTraceInitObjectHandleStack)
    i.vTraceInitObjectPropertyTable          0x08005378   Section        0  trckernelport.o(i.vTraceInitObjectPropertyTable)
    i.vTraceStart                            0x08005498   Section        0  trcsnapshotrecorder.o(i.vTraceStart)
    i.vTraceStop                             0x080054a0   Section        0  trcsnapshotrecorder.o(i.vTraceStop)
    i.vTraceStoreMemMangEvent                0x080054c0   Section        0  trcsnapshotrecorder.o(i.vTraceStoreMemMangEvent)
    i.xPortStartScheduler                    0x080055a8   Section        0  port.o(i.xPortStartScheduler)
    i.xQueueGenericCreate                    0x080056e4   Section        0  queue.o(i.xQueueGenericCreate)
    i.xQueueGenericReceive                   0x0800573c   Section        0  queue.o(i.xQueueGenericReceive)
    i.xQueueGenericReset                     0x08005a50   Section        0  queue.o(i.xQueueGenericReset)
    i.xQueueGenericSend                      0x08005ae8   Section        0  queue.o(i.xQueueGenericSend)
    i.xQueueGenericSendFromISR               0x08005dac   Section        0  queue.o(i.xQueueGenericSendFromISR)
    i.xTaskCheckForTimeOut                   0x08005f34   Section        0  tasks.o(i.xTaskCheckForTimeOut)
    i.xTaskCreate                            0x08005fc0   Section        0  tasks.o(i.xTaskCreate)
    i.xTaskGetCurrentTaskHandle              0x08006020   Section        0  tasks.o(i.xTaskGetCurrentTaskHandle)
    i.xTaskGetSchedulerState                 0x0800602c   Section        0  tasks.o(i.xTaskGetSchedulerState)
    i.xTaskGetTickCount                      0x0800604c   Section        0  tasks.o(i.xTaskGetTickCount)
    i.xTaskIncrementTick                     0x08006058   Section        0  tasks.o(i.xTaskIncrementTick)
    i.xTaskPriorityDisinherit                0x080061d0   Section        0  tasks.o(i.xTaskPriorityDisinherit)
    i.xTaskRemoveFromEventList               0x080062e4   Section        0  tasks.o(i.xTaskRemoveFromEventList)
    i.xTaskResumeAll                         0x0800638c   Section        0  tasks.o(i.xTaskResumeAll)
    i.xTimerCreateTimerTask                  0x0800649c   Section        0  timers.o(i.xTimerCreateTimerTask)
    i.xTimerGenericCommand                   0x080064f4   Section        0  timers.o(i.xTimerGenericCommand)
    x$fpl$fpinit                             0x08006618   Section       10  fpinit.o(x$fpl$fpinit)
    $v0                                      0x08006618   Number         0  fpinit.o(x$fpl$fpinit)
    .constdata                               0x08006622   Section       23  retarget_io.o(.constdata)
    .constdata                               0x08006639   Section       24  system_stm32f4xx.o(.constdata)
    .constdata                               0x08006651   Section       40  _printf_hex_int.o(.constdata)
    uc_hextab                                0x08006651   Data          20  _printf_hex_int.o(.constdata)
    lc_hextab                                0x08006665   Data          20  _printf_hex_int.o(.constdata)
    .constdata                               0x08006679   Section       17  __printf_flags.o(.constdata)
    maptable                                 0x08006679   Data          17  __printf_flags.o(.constdata)
    .conststring                             0x0800668c   Section      606  trckernelport.o(.conststring)
    .conststring                             0x080068ec   Section     1601  trcsnapshotrecorder.o(.conststring)
    .data                                    0x20000000   Section       46  main.o(.data)
    IWDGKickCtr                              0x2000002c   Data           2  main.o(.data)
    .data                                    0x20000030   Section        9  trckernelport.o(.data)
    .data                                    0x2000003c   Section       92  trcsnapshotrecorder.o(.data)
    isrstack                                 0x2000003c   Data           8  trcsnapshotrecorder.o(.data)
    readyEventsEnabled                       0x20000048   Data           4  trcsnapshotrecorder.o(.data)
    last_timestamp                           0x20000054   Data           4  trcsnapshotrecorder.o(.data)
    heapMemUsage                             0x2000006c   Data           4  trcsnapshotrecorder.o(.data)
    handle                                   0x20000080   Data           1  trcsnapshotrecorder.o(.data)
    indexOfHandle                            0x20000084   Data           4  trcsnapshotrecorder.o(.data)
    idx                                      0x20000088   Data           2  trcsnapshotrecorder.o(.data)
    old_timestamp                            0x2000008c   Data           4  trcsnapshotrecorder.o(.data)
    last_hwtc_count                          0x20000090   Data           4  trcsnapshotrecorder.o(.data)
    last_hwtc_rest                           0x20000094   Data           4  trcsnapshotrecorder.o(.data)
    .data                                    0x20000098   Section        4  system_stm32f4xx.o(.data)
    .data                                    0x2000009c   Section       24  heap_4.o(.data)
    xStart                                   0x2000009c   Data           8  heap_4.o(.data)
    pxEnd                                    0x200000a4   Data           4  heap_4.o(.data)
    xFreeBytesRemaining                      0x200000a8   Data           4  heap_4.o(.data)
    xMinimumEverFreeBytesRemaining           0x200000ac   Data           4  heap_4.o(.data)
    xBlockAllocatedBit                       0x200000b0   Data           4  heap_4.o(.data)
    .data                                    0x200000b4   Section       12  port.o(.data)
    uxCriticalNesting                        0x200000b4   Data           4  port.o(.data)
    ucMaxSysCallPriority                     0x200000b8   Data           1  port.o(.data)
    ulMaxPRIGROUPValue                       0x200000bc   Data           4  port.o(.data)
    .data                                    0x200000c0   Section       60  tasks.o(.data)
    pxDelayedTaskList                        0x200000c4   Data           4  tasks.o(.data)
    pxOverflowDelayedTaskList                0x200000c8   Data           4  tasks.o(.data)
    uxDeletedTasksWaitingCleanUp             0x200000cc   Data           4  tasks.o(.data)
    uxCurrentNumberOfTasks                   0x200000d0   Data           4  tasks.o(.data)
    xTickCount                               0x200000d4   Data           4  tasks.o(.data)
    uxTopReadyPriority                       0x200000d8   Data           4  tasks.o(.data)
    xSchedulerRunning                        0x200000dc   Data           4  tasks.o(.data)
    uxPendedTicks                            0x200000e0   Data           4  tasks.o(.data)
    xYieldPending                            0x200000e4   Data           4  tasks.o(.data)
    xNumOfOverflows                          0x200000e8   Data           4  tasks.o(.data)
    uxTaskNumber                             0x200000ec   Data           4  tasks.o(.data)
    xNextTaskUnblockTime                     0x200000f0   Data           4  tasks.o(.data)
    xIdleTaskHandle                          0x200000f4   Data           4  tasks.o(.data)
    uxSchedulerSuspended                     0x200000f8   Data           4  tasks.o(.data)
    .data                                    0x200000fc   Section       20  timers.o(.data)
    pxCurrentTimerList                       0x200000fc   Data           4  timers.o(.data)
    pxOverflowTimerList                      0x20000100   Data           4  timers.o(.data)
    xTimerQueue                              0x20000104   Data           4  timers.o(.data)
    xTimerTaskHandle                         0x20000108   Data           4  timers.o(.data)
    xLastTime                                0x2000010c   Data           4  timers.o(.data)
    .data                                    0x20000110   Section        4  stdio_streams.o(.data)
    .data                                    0x20000114   Section        4  stdio_streams.o(.data)
    .data                                    0x20000118   Section        4  stdio_streams.o(.data)
    .bss                                     0x2000011c   Section       16  main.o(.bss)
    Distance                                 0x2000011c   Data          16  main.o(.bss)
    .bss                                     0x2000012c   Section     6272  trcsnapshotrecorder.o(.bss)
    .bss                                     0x200019ac   Section     4096  heap_4.o(.bss)
    ucHeap                                   0x200019ac   Data        4096  heap_4.o(.bss)
    .bss                                     0x200029ac   Section      200  tasks.o(.bss)
    pxReadyTasksLists                        0x200029ac   Data         100  tasks.o(.bss)
    xDelayedTaskList1                        0x20002a10   Data          20  tasks.o(.bss)
    xDelayedTaskList2                        0x20002a24   Data          20  tasks.o(.bss)
    xPendingReadyList                        0x20002a38   Data          20  tasks.o(.bss)
    xTasksWaitingTermination                 0x20002a4c   Data          20  tasks.o(.bss)
    xSuspendedTaskList                       0x20002a60   Data          20  tasks.o(.bss)
    .bss                                     0x20002a74   Section       40  timers.o(.bss)
    xActiveTimerList1                        0x20002a74   Data          20  timers.o(.bss)
    xActiveTimerList2                        0x20002a88   Data          20  timers.o(.bss)
    .bss                                     0x20002a9c   Section       84  stdio_streams.o(.bss)
    .bss                                     0x20002af0   Section       84  stdio_streams.o(.bss)
    .bss                                     0x20002b44   Section       84  stdio_streams.o(.bss)
    .bss                                     0x20002b98   Section       96  libspace.o(.bss)
    HEAP                                     0x20002bf8   Section      512  startup_stm32f407xx.o(HEAP)
    Heap_Mem                                 0x20002bf8   Data         512  startup_stm32f407xx.o(HEAP)
    STACK                                    0x20002df8   Section     1024  startup_stm32f407xx.o(STACK)
    Stack_Mem                                0x20002df8   Data        1024  startup_stm32f407xx.o(STACK)
    __initial_sp                             0x200031f8   Data           0  startup_stm32f407xx.o(STACK)

    Global Symbols

    Symbol Name                              Value     Ov Type        Size  Object(Section)

    BuildAttributes$$THM_ISAv4$E$P$D$K$B$S$7EM$VFPi3$EXTD16$VFPS$VFMA$PE$A:L22UL41UL21$X:L11$S22US41US21$IEEE1$IW$USESV6$~STKCKD$USESV7$~SHL$OTIME$ROPI$EBA8$UX$STANDARDLIB$REQ8$PRES8$EABIv2 0x00000000   Number         0  anon$$obj.o ABSOLUTE
    __ARM_use_no_argv                        0x00000000   Number         0  main.o ABSOLUTE
    _printf_flags                            0x00000000   Number         0  printf_stubs.o ABSOLUTE
    _printf_return_value                     0x00000000   Number         0  printf_stubs.o ABSOLUTE
    _printf_sizespec                         0x00000000   Number         0  printf_stubs.o ABSOLUTE
    _printf_widthprec                        0x00000000   Number         0  printf_stubs.o ABSOLUTE
    __ARM_exceptions_init                     - Undefined Weak Reference
    __alloca_initialize                       - Undefined Weak Reference
    __arm_preinit_                            - Undefined Weak Reference
    __cpp_initialize__aeabi_                  - Undefined Weak Reference
    __cxa_finalize                            - Undefined Weak Reference
    __rt_locale                               - Undefined Weak Reference
    __sigvec_lookup                           - Undefined Weak Reference
    __user_heap_extent                        - Undefined Weak Reference
    _atexit_init                              - Undefined Weak Reference
    _call_atexit_fns                          - Undefined Weak Reference
    _clock_init                               - Undefined Weak Reference
    _fp_trap_init                             - Undefined Weak Reference
    _fp_trap_shutdown                         - Undefined Weak Reference
    _get_lc_collate                           - Undefined Weak Reference
    _get_lc_ctype                             - Undefined Weak Reference
    _get_lc_monetary                          - Undefined Weak Reference
    _get_lc_numeric                           - Undefined Weak Reference
    _get_lc_time                              - Undefined Weak Reference
    _getenv_init                              - Undefined Weak Reference
    _handle_redirection                       - Undefined Weak Reference
    _mutex_acquire                            - Undefined Weak Reference
    _mutex_free                               - Undefined Weak Reference
    _mutex_release                            - Undefined Weak Reference
    _printf_post_padding                      - Undefined Weak Reference
    _printf_pre_padding                       - Undefined Weak Reference
    _printf_truncate_signed                   - Undefined Weak Reference
    _printf_truncate_unsigned                 - Undefined Weak Reference
    _rand_init                                - Undefined Weak Reference
    _signal_finish                            - Undefined Weak Reference
    _signal_init                              - Undefined Weak Reference
    __Vectors_Size                           0x00000188   Number         0  startup_stm32f407xx.o ABSOLUTE
    __Vectors                                0x08000000   Data           4  startup_stm32f407xx.o(RESET)
    __Vectors_End                            0x08000188   Data           0  startup_stm32f407xx.o(RESET)
    __main                                   0x08000189   Thumb Code     8  __main.o(!!!main)
    __scatterload                            0x08000191   Thumb Code     0  __scatter.o(!!!scatter)
    __scatterload_rt2                        0x08000191   Thumb Code    44  __scatter.o(!!!scatter)
    __scatterload_rt2_thumb_only             0x08000191   Thumb Code     0  __scatter.o(!!!scatter)
    __scatterload_null                       0x0800019f   Thumb Code     0  __scatter.o(!!!scatter)
    __scatterload_copy                       0x080001c5   Thumb Code    26  __scatter_copy.o(!!handler_copy)
    __scatterload_zeroinit                   0x080001e1   Thumb Code    28  __scatter_zi.o(!!handler_zi)
    _printf_d                                0x080001fd   Thumb Code     0  _printf_d.o(.ARM.Collect$$_printf_percent$$00000009)
    _printf_percent                          0x080001fd   Thumb Code     0  _printf_percent.o(.ARM.Collect$$_printf_percent$$00000000)
    _printf_x                                0x08000203   Thumb Code     0  _printf_x.o(.ARM.Collect$$_printf_percent$$0000000C)
    _printf_percent_end                      0x08000209   Thumb Code     0  _printf_percent_end.o(.ARM.Collect$$_printf_percent$$00000017)
    __rt_lib_init                            0x0800020d   Thumb Code     0  libinit.o(.ARM.Collect$$libinit$$00000000)
    __rt_lib_init_fp_1                       0x0800020f   Thumb Code     0  libinit2.o(.ARM.Collect$$libinit$$00000001)
    __rt_lib_init_heap_2                     0x08000213   Thumb Code     0  libinit2.o(.ARM.Collect$$libinit$$00000005)
    __rt_lib_init_preinit_1                  0x08000213   Thumb Code     0  libinit2.o(.ARM.Collect$$libinit$$00000004)
    __rt_lib_init_atexit_1                   0x0800021b   Thumb Code     0  libinit2.o(.ARM.Collect$$libinit$$0000001B)
    __rt_lib_init_clock_1                    0x0800021b   Thumb Code     0  libinit2.o(.ARM.Collect$$libinit$$00000021)
    __rt_lib_init_fp_trap_1                  0x0800021b   Thumb Code     0  libinit2.o(.ARM.Collect$$libinit$$0000001F)
    __rt_lib_init_getenv_1                   0x0800021b   Thumb Code     0  libinit2.o(.ARM.Collect$$libinit$$00000023)
    __rt_lib_init_heap_1                     0x0800021b   Thumb Code     0  libinit2.o(.ARM.Collect$$libinit$$0000000A)
    __rt_lib_init_lc_collate_1               0x0800021b   Thumb Code     0  libinit2.o(.ARM.Collect$$libinit$$00000011)
    __rt_lib_init_lc_ctype_1                 0x0800021b   Thumb Code     0  libinit2.o(.ARM.Collect$$libinit$$00000013)
    __rt_lib_init_lc_monetary_1              0x0800021b   Thumb Code     0  libinit2.o(.ARM.Collect$$libinit$$00000015)
    __rt_lib_init_lc_numeric_1               0x0800021b   Thumb Code     0  libinit2.o(.ARM.Collect$$libinit$$00000017)
    __rt_lib_init_lc_time_1                  0x0800021b   Thumb Code     0  libinit2.o(.ARM.Collect$$libinit$$00000019)
    __rt_lib_init_rand_1                     0x0800021b   Thumb Code     0  libinit2.o(.ARM.Collect$$libinit$$0000000E)
    __rt_lib_init_signal_1                   0x0800021b   Thumb Code     0  libinit2.o(.ARM.Collect$$libinit$$0000001D)
    __rt_lib_init_stdio_2                    0x0800021b   Thumb Code     0  libinit2.o(.ARM.Collect$$libinit$$00000024)
    __rt_lib_init_user_alloc_1               0x0800021b   Thumb Code     0  libinit2.o(.ARM.Collect$$libinit$$0000000C)
    __rt_lib_init_alloca_1                   0x0800021f   Thumb Code     0  libinit2.o(.ARM.Collect$$libinit$$0000002E)
    __rt_lib_init_argv_1                     0x0800021f   Thumb Code     0  libinit2.o(.ARM.Collect$$libinit$$0000002C)
    __rt_lib_init_cpp_1                      0x0800021f   Thumb Code     0  libinit2.o(.ARM.Collect$$libinit$$00000032)
    __rt_lib_init_exceptions_1               0x0800021f   Thumb Code     0  libinit2.o(.ARM.Collect$$libinit$$00000030)
    __rt_lib_init_return                     0x0800021f   Thumb Code     0  libinit2.o(.ARM.Collect$$libinit$$00000033)
    __rt_lib_init_stdio_1                    0x0800021f   Thumb Code     0  libinit2.o(.ARM.Collect$$libinit$$00000025)
    __rt_lib_shutdown                        0x08000221   Thumb Code     0  libshutdown.o(.ARM.Collect$$libshutdown$$00000000)
    __rt_lib_shutdown_cpp_1                  0x08000223   Thumb Code     0  libshutdown2.o(.ARM.Collect$$libshutdown$$00000002)
    __rt_lib_shutdown_stdio_2                0x08000223   Thumb Code     0  libshutdown2.o(.ARM.Collect$$libshutdown$$00000003)
    __rt_lib_shutdown_fp_trap_1              0x08000227   Thumb Code     0  libshutdown2.o(.ARM.Collect$$libshutdown$$00000007)
    __rt_lib_shutdown_heap_1                 0x08000227   Thumb Code     0  libshutdown2.o(.ARM.Collect$$libshutdown$$0000000F)
    __rt_lib_shutdown_return                 0x08000227   Thumb Code     0  libshutdown2.o(.ARM.Collect$$libshutdown$$00000010)
    __rt_lib_shutdown_signal_1               0x08000227   Thumb Code     0  libshutdown2.o(.ARM.Collect$$libshutdown$$0000000A)
    __rt_lib_shutdown_stdio_1                0x08000227   Thumb Code     0  libshutdown2.o(.ARM.Collect$$libshutdown$$00000004)
    __rt_lib_shutdown_user_alloc_1           0x08000227   Thumb Code     0  libshutdown2.o(.ARM.Collect$$libshutdown$$0000000C)
    __rt_entry                               0x08000229   Thumb Code     0  __rtentry.o(.ARM.Collect$$rtentry$$00000000)
    __rt_entry_presh_1                       0x08000229   Thumb Code     0  __rtentry2.o(.ARM.Collect$$rtentry$$00000002)
    __rt_entry_sh                            0x08000229   Thumb Code     0  __rtentry4.o(.ARM.Collect$$rtentry$$00000004)
    __rt_entry_li                            0x0800022f   Thumb Code     0  __rtentry2.o(.ARM.Collect$$rtentry$$0000000A)
    __rt_entry_postsh_1                      0x0800022f   Thumb Code     0  __rtentry2.o(.ARM.Collect$$rtentry$$00000009)
    __rt_entry_main                          0x08000233   Thumb Code     0  __rtentry2.o(.ARM.Collect$$rtentry$$0000000D)
    __rt_entry_postli_1                      0x08000233   Thumb Code     0  __rtentry2.o(.ARM.Collect$$rtentry$$0000000C)
    __rt_exit                                0x0800023b   Thumb Code     0  rtexit.o(.ARM.Collect$$rtexit$$00000000)
    __rt_exit_ls                             0x0800023d   Thumb Code     0  rtexit2.o(.ARM.Collect$$rtexit$$00000003)
    __rt_exit_prels_1                        0x0800023d   Thumb Code     0  rtexit2.o(.ARM.Collect$$rtexit$$00000002)
    __rt_exit_exit                           0x08000241   Thumb Code     0  rtexit2.o(.ARM.Collect$$rtexit$$00000004)
    SVC_Handler                              0x08000249   Thumb Code    28  port.o(.emb_text)
    __asm___6_port_c_39a90d8d__prvStartFirstTask 0x08000269   Thumb Code    28  port.o(.emb_text)
    __asm___6_port_c_39a90d8d__prvEnableVFP  0x08000289   Thumb Code    16  port.o(.emb_text)
    PendSV_Handler                           0x0800029d   Thumb Code    88  port.o(.emb_text)
    vPortGetIPSR                             0x080002f9   Thumb Code     6  port.o(.emb_text)
    Reset_Handler                            0x08000301   Thumb Code     8  startup_stm32f407xx.o(.text)
    _maybe_terminate_alloc                   0x08000301   Thumb Code     0  maybetermalloc1.o(.emb_text)
    NMI_Handler                              0x08000309   Thumb Code     2  startup_stm32f407xx.o(.text)
    HardFault_Handler                        0x0800030b   Thumb Code     2  startup_stm32f407xx.o(.text)
    MemManage_Handler                        0x0800030d   Thumb Code     2  startup_stm32f407xx.o(.text)
    BusFault_Handler                         0x0800030f   Thumb Code     2  startup_stm32f407xx.o(.text)
    UsageFault_Handler                       0x08000311   Thumb Code     2  startup_stm32f407xx.o(.text)
    DebugMon_Handler                         0x08000315   Thumb Code     2  startup_stm32f407xx.o(.text)
    CAN1_RX0_IRQHandler                      0x0800031b   Thumb Code     0  startup_stm32f407xx.o(.text)
    CAN1_RX1_IRQHandler                      0x0800031b   Thumb Code     0  startup_stm32f407xx.o(.text)
    CAN1_SCE_IRQHandler                      0x0800031b   Thumb Code     0  startup_stm32f407xx.o(.text)
    CAN1_TX_IRQHandler                       0x0800031b   Thumb Code     0  startup_stm32f407xx.o(.text)
    CAN2_RX0_IRQHandler                      0x0800031b   Thumb Code     0  startup_stm32f407xx.o(.text)
    CAN2_RX1_IRQHandler                      0x0800031b   Thumb Code     0  startup_stm32f407xx.o(.text)
    CAN2_SCE_IRQHandler                      0x0800031b   Thumb Code     0  startup_stm32f407xx.o(.text)
    CAN2_TX_IRQHandler                       0x0800031b   Thumb Code     0  startup_stm32f407xx.o(.text)
    DCMI_IRQHandler                          0x0800031b   Thumb Code     0  startup_stm32f407xx.o(.text)
    DMA1_Stream0_IRQHandler                  0x0800031b   Thumb Code     0  startup_stm32f407xx.o(.text)
    DMA1_Stream1_IRQHandler                  0x0800031b   Thumb Code     0  startup_stm32f407xx.o(.text)
    DMA1_Stream2_IRQHandler                  0x0800031b   Thumb Code     0  startup_stm32f407xx.o(.text)
    DMA1_Stream3_IRQHandler                  0x0800031b   Thumb Code     0  startup_stm32f407xx.o(.text)
    DMA1_Stream4_IRQHandler                  0x0800031b   Thumb Code     0  startup_stm32f407xx.o(.text)
    DMA1_Stream5_IRQHandler                  0x0800031b   Thumb Code     0  startup_stm32f407xx.o(.text)
    DMA1_Stream6_IRQHandler                  0x0800031b   Thumb Code     0  startup_stm32f407xx.o(.text)
    DMA1_Stream7_IRQHandler                  0x0800031b   Thumb Code     0  startup_stm32f407xx.o(.text)
    DMA2_Stream0_IRQHandler                  0x0800031b   Thumb Code     0  startup_stm32f407xx.o(.text)
    DMA2_Stream1_IRQHandler                  0x0800031b   Thumb Code     0  startup_stm32f407xx.o(.text)
    DMA2_Stream2_IRQHandler                  0x0800031b   Thumb Code     0  startup_stm32f407xx.o(.text)
    DMA2_Stream3_IRQHandler                  0x0800031b   Thumb Code     0  startup_stm32f407xx.o(.text)
    DMA2_Stream4_IRQHandler                  0x0800031b   Thumb Code     0  startup_stm32f407xx.o(.text)
    DMA2_Stream5_IRQHandler                  0x0800031b   Thumb Code     0  startup_stm32f407xx.o(.text)
    DMA2_Stream6_IRQHandler                  0x0800031b   Thumb Code     0  startup_stm32f407xx.o(.text)
    DMA2_Stream7_IRQHandler                  0x0800031b   Thumb Code     0  startup_stm32f407xx.o(.text)
    ETH_IRQHandler                           0x0800031b   Thumb Code     0  startup_stm32f407xx.o(.text)
    ETH_WKUP_IRQHandler                      0x0800031b   Thumb Code     0  startup_stm32f407xx.o(.text)
    EXTI0_IRQHandler                         0x0800031b   Thumb Code     0  startup_stm32f407xx.o(.text)
    EXTI15_10_IRQHandler                     0x0800031b   Thumb Code     0  startup_stm32f407xx.o(.text)
    EXTI1_IRQHandler                         0x0800031b   Thumb Code     0  startup_stm32f407xx.o(.text)
    EXTI2_IRQHandler                         0x0800031b   Thumb Code     0  startup_stm32f407xx.o(.text)
    EXTI3_IRQHandler                         0x0800031b   Thumb Code     0  startup_stm32f407xx.o(.text)
    EXTI4_IRQHandler                         0x0800031b   Thumb Code     0  startup_stm32f407xx.o(.text)
    EXTI9_5_IRQHandler                       0x0800031b   Thumb Code     0  startup_stm32f407xx.o(.text)
    FLASH_IRQHandler                         0x0800031b   Thumb Code     0  startup_stm32f407xx.o(.text)
    FMC_IRQHandler                           0x0800031b   Thumb Code     0  startup_stm32f407xx.o(.text)
    FPU_IRQHandler                           0x0800031b   Thumb Code     0  startup_stm32f407xx.o(.text)
    HASH_RNG_IRQHandler                      0x0800031b   Thumb Code     0  startup_stm32f407xx.o(.text)
    I2C1_ER_IRQHandler                       0x0800031b   Thumb Code     0  startup_stm32f407xx.o(.text)
    I2C1_EV_IRQHandler                       0x0800031b   Thumb Code     0  startup_stm32f407xx.o(.text)
    I2C2_ER_IRQHandler                       0x0800031b   Thumb Code     0  startup_stm32f407xx.o(.text)
    I2C2_EV_IRQHandler                       0x0800031b   Thumb Code     0  startup_stm32f407xx.o(.text)
    I2C3_ER_IRQHandler                       0x0800031b   Thumb Code     0  startup_stm32f407xx.o(.text)
    I2C3_EV_IRQHandler                       0x0800031b   Thumb Code     0  startup_stm32f407xx.o(.text)
    OTG_FS_IRQHandler                        0x0800031b   Thumb Code     0  startup_stm32f407xx.o(.text)
    OTG_FS_WKUP_IRQHandler                   0x0800031b   Thumb Code     0  startup_stm32f407xx.o(.text)
    OTG_HS_EP1_IN_IRQHandler                 0x0800031b   Thumb Code     0  startup_stm32f407xx.o(.text)
    OTG_HS_EP1_OUT_IRQHandler                0x0800031b   Thumb Code     0  startup_stm32f407xx.o(.text)
    OTG_HS_IRQHandler                        0x0800031b   Thumb Code     0  startup_stm32f407xx.o(.text)
    OTG_HS_WKUP_IRQHandler                   0x0800031b   Thumb Code     0  startup_stm32f407xx.o(.text)
    PVD_IRQHandler                           0x0800031b   Thumb Code     0  startup_stm32f407xx.o(.text)
    RCC_IRQHandler                           0x0800031b   Thumb Code     0  startup_stm32f407xx.o(.text)
    RTC_Alarm_IRQHandler                     0x0800031b   Thumb Code     0  startup_stm32f407xx.o(.text)
    RTC_WKUP_IRQHandler                      0x0800031b   Thumb Code     0  startup_stm32f407xx.o(.text)
    SDIO_IRQHandler                          0x0800031b   Thumb Code     0  startup_stm32f407xx.o(.text)
    SPI1_IRQHandler                          0x0800031b   Thumb Code     0  startup_stm32f407xx.o(.text)
    SPI2_IRQHandler                          0x0800031b   Thumb Code     0  startup_stm32f407xx.o(.text)
    SPI3_IRQHandler                          0x0800031b   Thumb Code     0  startup_stm32f407xx.o(.text)
    TAMP_STAMP_IRQHandler                    0x0800031b   Thumb Code     0  startup_stm32f407xx.o(.text)
    TIM1_BRK_TIM9_IRQHandler                 0x0800031b   Thumb Code     0  startup_stm32f407xx.o(.text)
    TIM1_CC_IRQHandler                       0x0800031b   Thumb Code     0  startup_stm32f407xx.o(.text)
    TIM1_TRG_COM_TIM11_IRQHandler            0x0800031b   Thumb Code     0  startup_stm32f407xx.o(.text)
    TIM1_UP_TIM10_IRQHandler                 0x0800031b   Thumb Code     0  startup_stm32f407xx.o(.text)
    TIM2_IRQHandler                          0x0800031b   Thumb Code     0  startup_stm32f407xx.o(.text)
    TIM3_IRQHandler                          0x0800031b   Thumb Code     0  startup_stm32f407xx.o(.text)
    TIM4_IRQHandler                          0x0800031b   Thumb Code     0  startup_stm32f407xx.o(.text)
    TIM5_IRQHandler                          0x0800031b   Thumb Code     0  startup_stm32f407xx.o(.text)
    TIM6_DAC_IRQHandler                      0x0800031b   Thumb Code     0  startup_stm32f407xx.o(.text)
    TIM7_IRQHandler                          0x0800031b   Thumb Code     0  startup_stm32f407xx.o(.text)
    TIM8_BRK_TIM12_IRQHandler                0x0800031b   Thumb Code     0  startup_stm32f407xx.o(.text)
    TIM8_CC_IRQHandler                       0x0800031b   Thumb Code     0  startup_stm32f407xx.o(.text)
    TIM8_TRG_COM_TIM14_IRQHandler            0x0800031b   Thumb Code     0  startup_stm32f407xx.o(.text)
    TIM8_UP_TIM13_IRQHandler                 0x0800031b   Thumb Code     0  startup_stm32f407xx.o(.text)
    UART4_IRQHandler                         0x0800031b   Thumb Code     0  startup_stm32f407xx.o(.text)
    UART5_IRQHandler                         0x0800031b   Thumb Code     0  startup_stm32f407xx.o(.text)
    USART1_IRQHandler                        0x0800031b   Thumb Code     0  startup_stm32f407xx.o(.text)
    USART2_IRQHandler                        0x0800031b   Thumb Code     0  startup_stm32f407xx.o(.text)
    USART3_IRQHandler                        0x0800031b   Thumb Code     0  startup_stm32f407xx.o(.text)
    USART6_IRQHandler                        0x0800031b   Thumb Code     0  startup_stm32f407xx.o(.text)
    WWDG_IRQHandler                          0x0800031b   Thumb Code     0  startup_stm32f407xx.o(.text)
    __user_initial_stackheap                 0x0800031d   Thumb Code     0  startup_stm32f407xx.o(.text)
    __2printf                                0x08000341   Thumb Code    20  noretval__2printf.o(.text)
    _printf_int_dec                          0x08000359   Thumb Code   104  _printf_dec.o(.text)
    _printf_int_hex                          0x080003d1   Thumb Code    84  _printf_hex_int.o(.text)
    _printf_longlong_hex                     0x080003d1   Thumb Code     0  _printf_hex_int.o(.text)
    __printf                                 0x08000429   Thumb Code   144  __printf_flags.o(.text)
    strncmp                                  0x080004bd   Thumb Code   150  strncmp.o(.text)
    __aeabi_memcpy                           0x08000553   Thumb Code     0  rt_memcpy_v6.o(.text)
    __rt_memcpy                              0x08000553   Thumb Code   138  rt_memcpy_v6.o(.text)
    _memcpy_lastbytes                        0x080005b9   Thumb Code     0  rt_memcpy_v6.o(.text)
    __aeabi_memcpy4                          0x080005dd   Thumb Code     0  rt_memcpy_w.o(.text)
    __aeabi_memcpy8                          0x080005dd   Thumb Code     0  rt_memcpy_w.o(.text)
    __rt_memcpy_w                            0x080005dd   Thumb Code   100  rt_memcpy_w.o(.text)
    _memcpy_lastbytes_aligned                0x08000625   Thumb Code     0  rt_memcpy_w.o(.text)
    __aeabi_memset                           0x08000641   Thumb Code    16  aeabi_memset.o(.text)
    __aeabi_memclr4                          0x08000651   Thumb Code     0  rt_memclr_w.o(.text)
    __aeabi_memclr8                          0x08000651   Thumb Code     0  rt_memclr_w.o(.text)
    __rt_memclr_w                            0x08000651   Thumb Code    78  rt_memclr_w.o(.text)
    _memset_w                                0x08000655   Thumb Code     0  rt_memclr_w.o(.text)
    strcmp                                   0x080006a1   Thumb Code   128  strcmpv7m.o(.text)
    __use_two_region_memory                  0x08000721   Thumb Code     2  heapauxi.o(.text)
    __rt_heap_escrow                         0x08000723   Thumb Code     2  heapauxi.o(.text)
    __rt_heap_expand                         0x08000725   Thumb Code     2  heapauxi.o(.text)
    _printf_int_common                       0x08000727   Thumb Code   178  _printf_intcommon.o(.text)
    _printf_char_file                        0x080007d9   Thumb Code    32  _printf_char_file.o(.text)
    __aeabi_memclr                           0x080007fd   Thumb Code     0  rt_memclr.o(.text)
    __rt_memclr                              0x080007fd   Thumb Code    68  rt_memclr.o(.text)
    _memset                                  0x08000801   Thumb Code     0  rt_memclr.o(.text)
    _printf_char_common                      0x0800084b   Thumb Code    32  _printf_char_common.o(.text)
    ferror                                   0x08000871   Thumb Code     8  ferror.o(.text)
    _initio                                  0x08000879   Thumb Code   210  initio.o(.text)
    _terminateio                             0x0800094b   Thumb Code    56  initio.o(.text)
    __user_setup_stackheap                   0x080009b1   Thumb Code    74  sys_stackheap_outer.o(.text)
    free                                     0x080009fb   Thumb Code    78  h1_free.o(.text)
    __flsbuf                                 0x08000a49   Thumb Code   470  flsbuf.o(.text)
    __flsbuf_byte                            0x08000a49   Thumb Code     0  flsbuf.o(.text)
    __flsbuf_wide                            0x08000a49   Thumb Code     0  flsbuf.o(.text)
    setvbuf                                  0x08000c1f   Thumb Code    70  setvbuf.o(.text)
    freopen                                  0x08000c65   Thumb Code   158  fopen.o(.text)
    fopen                                    0x08000d03   Thumb Code    74  fopen.o(.text)
    _fclose_internal                         0x08000d51   Thumb Code    76  fclose.o(.text)
    fclose                                   0x08000d51   Thumb Code     0  fclose.o(.text)
    exit                                     0x08000d9d   Thumb Code    18  exit.o(.text)
    __rt_SIGRTRED                            0x08000daf   Thumb Code    14  defsig_rtred_outer.o(.text)
    __user_libspace                          0x08000dbd   Thumb Code     8  libspace.o(.text)
    __user_perproc_libspace                  0x08000dbd   Thumb Code     0  libspace.o(.text)
    __user_perthread_libspace                0x08000dbd   Thumb Code     0  libspace.o(.text)
    __rt_heap_descriptor                     0x08000dc5   Thumb Code     8  rt_heap_descriptor_intlibspace.o(.text)
    __use_no_heap                            0x08000dcd   Thumb Code     2  hguard.o(.text)
    __heap$guard                             0x08000dcf   Thumb Code     2  hguard.o(.text)
    _terminate_user_alloc                    0x08000dd1   Thumb Code     2  init_alloc.o(.text)
    _init_user_alloc                         0x08000dd3   Thumb Code     2  init_alloc.o(.text)
    __Heap_Full                              0x08000dd5   Thumb Code    34  init_alloc.o(.text)
    __Heap_Broken                            0x08000df7   Thumb Code     6  init_alloc.o(.text)
    _init_alloc                              0x08000dfd   Thumb Code    94  init_alloc.o(.text)
    malloc                                   0x08000e5b   Thumb Code    94  h1_alloc.o(.text)
    _fseek                                   0x08000eb9   Thumb Code   242  fseek.o(.text)
    fseek                                    0x08000eb9   Thumb Code     0  fseek.o(.text)
    _seterr                                  0x08000fb1   Thumb Code    20  stdio.o(.text)
    _writebuf                                0x08000fc5   Thumb Code    84  stdio.o(.text)
    _fflush                                  0x08001019   Thumb Code    70  stdio.o(.text)
    _deferredlazyseek                        0x0800105f   Thumb Code    60  stdio.o(.text)
    __sig_exit                               0x080010a1   Thumb Code    10  defsig_exit.o(.text)
    __rt_SIGRTRED_inner                      0x080010ad   Thumb Code    14  defsig_rtred_inner.o(.text)
    _sys_exit                                0x080010e1   Thumb Code     8  sys_exit.o(.text)
    __Heap_Initialize                        0x080010ed   Thumb Code    10  h1_init.o(.text)
    __Heap_DescSize                          0x080010f7   Thumb Code     4  h1_init.o(.text)
    __Heap_ProvideMemory                     0x080010fb   Thumb Code    52  h1_extend.o(.text)
    _ftell_internal                          0x0800112f   Thumb Code    66  ftell.o(.text)
    ftell                                    0x0800112f   Thumb Code     0  ftell.o(.text)
    __default_signal_display                 0x08001171   Thumb Code    50  defsig_general.o(.text)
    __rt_SIGRTMEM                            0x080011a3   Thumb Code    14  defsig_rtmem_outer.o(.text)
    _ttywrch                                 0x080011b1   Thumb Code    14  sys_wrch.o(.text)
    __I$use$semihosting                      0x080011bf   Thumb Code     0  use_no_semi.o(.text)
    __use_no_semihosting_swi                 0x080011bf   Thumb Code     2  use_no_semi.o(.text)
    __aeabi_errno_addr                       0x080011c1   Thumb Code     8  rt_errno_addr_intlibspace.o(.text)
    __errno$intlibspace                      0x080011c1   Thumb Code     0  rt_errno_addr_intlibspace.o(.text)
    __rt_errno_addr$intlibspace              0x080011c1   Thumb Code     0  rt_errno_addr_intlibspace.o(.text)
    __semihosting_library_function           0x080011c1   Thumb Code     0  indicate_semi.o(.text)
    __rt_SIGRTMEM_inner                      0x080011c9   Thumb Code    22  defsig_rtmem_inner.o(.text)
    ADC_IRQHandler                           0x08001219   Thumb Code   164  main.o(i.ADC_IRQHandler)
    AdjustMotorSpeed                         0x080012cd   Thumb Code   142  main.o(i.AdjustMotorSpeed)
    GaugeDistanceAndDrive                    0x080013a9   Thumb Code    90  main.o(i.GaugeDistanceAndDrive)
    ITM_SendChar                             0x08001471   Thumb Code    42  retarget_io.o(i.ITM_SendChar)
    IWDGCounterReload                        0x080014a1   Thumb Code   160  main.o(i.IWDGCounterReload)
    LEDHeartBeat                             0x08001555   Thumb Code    54  main.o(i.LEDHeartBeat)
    SampleIRSensors                          0x08001591   Thumb Code    52  main.o(i.SampleIRSensors)
    SysTick_Handler                          0x080015c9   Thumb Code    46  port.o(i.SysTick_Handler)
    SystemCoreClockUpdate                    0x080015fd   Thumb Code   170  system_stm32f4xx.o(i.SystemCoreClockUpdate)
    SystemInit                               0x080016bd   Thumb Code    82  system_stm32f4xx.o(i.SystemInit)
    _sys_close                               0x0800172d   Thumb Code    38  retarget_io.o(i._sys_close)
    _sys_flen                                0x08001753   Thumb Code    36  retarget_io.o(i._sys_flen)
    _sys_istty                               0x08001777   Thumb Code    36  retarget_io.o(i._sys_istty)
    _sys_open                                0x0800179d   Thumb Code    80  retarget_io.o(i._sys_open)
    _sys_seek                                0x08001805   Thumb Code    44  retarget_io.o(i._sys_seek)
    _sys_write                               0x08001831   Thumb Code    70  retarget_io.o(i._sys_write)
    fputc                                    0x08001877   Thumb Code    26  fputc.o(i.fputc)
    main                                     0x08001891   Thumb Code  1680  main.o(i.main)
    prvMarkObjectAsUsed                      0x08002701   Thumb Code    28  trcsnapshotrecorder.o(i.prvMarkObjectAsUsed)
    prvTraceError                            0x08002d19   Thumb Code    54  trcsnapshotrecorder.o(i.prvTraceError)
    prvTraceFreeObjectHandle                 0x08002d59   Thumb Code    98  trcsnapshotrecorder.o(i.prvTraceFreeObjectHandle)
    prvTraceGetCurrentTaskHandle             0x08002ee9   Thumb Code     8  trckernelport.o(i.prvTraceGetCurrentTaskHandle)
    prvTraceGetObjectHandle                  0x080030b9   Thumb Code   400  trcsnapshotrecorder.o(i.prvTraceGetObjectHandle)
    prvTraceGetObjectNumber                  0x08003259   Thumb Code    14  trckernelport.o(i.prvTraceGetObjectNumber)
    prvTraceGetObjectType                    0x080032f5   Thumb Code    12  trckernelport.o(i.prvTraceGetObjectType)
    prvTraceGetPriorityProperty              0x08003391   Thumb Code    74  trcsnapshotrecorder.o(i.prvTraceGetPriorityProperty)
    prvTraceGetTaskNumber                    0x08003425   Thumb Code    14  trckernelport.o(i.prvTraceGetTaskNumber)
    prvTraceInitCortexM                      0x08003435   Thumb Code    76  trcsnapshotrecorder.o(i.prvTraceInitCortexM)
    prvTracePortGetTimeStamp                 0x08003919   Thumb Code    78  trcsnapshotrecorder.o(i.prvTracePortGetTimeStamp)
    prvTraceSetObjectName                    0x0800397d   Thumb Code   118  trcsnapshotrecorder.o(i.prvTraceSetObjectName)
    prvTraceSetObjectState                   0x08003a95   Thumb Code    72  trcsnapshotrecorder.o(i.prvTraceSetObjectState)
    prvTraceSetPriorityProperty              0x08003b21   Thumb Code    74  trcsnapshotrecorder.o(i.prvTraceSetPriorityProperty)
    prvTraceSetTaskInstanceFinished          0x08003bb5   Thumb Code    58  trcsnapshotrecorder.o(i.prvTraceSetTaskInstanceFinished)
    prvTraceStoreKernelCall                  0x08003bf9   Thumb Code   206  trcsnapshotrecorder.o(i.prvTraceStoreKernelCall)
    prvTraceStoreKernelCallWithNumericParamOnly 0x08003d59   Thumb Code   170  trcsnapshotrecorder.o(i.prvTraceStoreKernelCallWithNumericParamOnly)
    prvTraceStoreKernelCallWithParam         0x08003e59   Thumb Code   222  trcsnapshotrecorder.o(i.prvTraceStoreKernelCallWithParam)
    prvTraceStoreObjectNameOnCloseEvent      0x08003fd1   Thumb Code   112  trcsnapshotrecorder.o(i.prvTraceStoreObjectNameOnCloseEvent)
    prvTraceStoreObjectPropertiesOnCloseEvent 0x0800404d   Thumb Code   136  trcsnapshotrecorder.o(i.prvTraceStoreObjectPropertiesOnCloseEvent)
    prvTraceStoreTaskReady                   0x080040e1   Thumb Code   154  trcsnapshotrecorder.o(i.prvTraceStoreTaskReady)
    prvTraceStoreTaskswitch                  0x08004205   Thumb Code   214  trcsnapshotrecorder.o(i.prvTraceStoreTaskswitch)
    pszTraceGetErrorNotEnoughHandles         0x080043e1   Thumb Code    50  trckernelport.o(i.pszTraceGetErrorNotEnoughHandles)
    pvPortMalloc                             0x08004461   Thumb Code   312  heap_4.o(i.pvPortMalloc)
    pvTaskIncrementMutexHeldCount            0x080045ad   Thumb Code    26  tasks.o(i.pvTaskIncrementMutexHeldCount)
    pxPortInitialiseStack                    0x080045cd   Thumb Code    38  port.o(i.pxPortInitialiseStack)
    ucQueueGetQueueType                      0x08004605   Thumb Code     8  queue.o(i.ucQueueGetQueueType)
    uiIndexOfObject                          0x0800460d   Thumb Code   104  trcsnapshotrecorder.o(i.uiIndexOfObject)
    uiTraceIsObjectExcluded                  0x08004739   Thumb Code   218  trckernelport.o(i.uiTraceIsObjectExcluded)
    uiTraceStart                             0x0800488d   Thumb Code   140  trcsnapshotrecorder.o(i.uiTraceStart)
    ulTaskNotifyTake                         0x08004935   Thumb Code   208  tasks.o(i.ulTaskNotifyTake)
    uxListRemove                             0x08004a0d   Thumb Code    40  list.o(i.uxListRemove)
    uxQueueGetQueueNumber                    0x08004a35   Thumb Code     6  queue.o(i.uxQueueGetQueueNumber)
    uxTaskGetTaskNumber                      0x08004a3b   Thumb Code    14  tasks.o(i.uxTaskGetTaskNumber)
    vListInitialise                          0x08004a49   Thumb Code    26  list.o(i.vListInitialise)
    vListInitialiseItem                      0x08004a63   Thumb Code     6  list.o(i.vListInitialiseItem)
    vListInsert                              0x08004a69   Thumb Code    52  list.o(i.vListInsert)
    vListInsertEnd                           0x08004a9d   Thumb Code    24  list.o(i.vListInsertEnd)
    vPortEnterCritical                       0x08004ab5   Thumb Code    76  port.o(i.vPortEnterCritical)
    vPortExitCritical                        0x08004b09   Thumb Code    56  port.o(i.vPortExitCritical)
    vPortFree                                0x08004b45   Thumb Code   152  heap_4.o(i.vPortFree)
    vPortSetupTimerInterrupt                 0x08004be5   Thumb Code    26  port.o(i.vPortSetupTimerInterrupt)
    vPortValidateInterruptPriority           0x08004c05   Thumb Code   106  port.o(i.vPortValidateInterruptPriority)
    vQueueWaitForMessageRestricted           0x08004c7d   Thumb Code    74  queue.o(i.vQueueWaitForMessageRestricted)
    vTaskDelay                               0x08004cc9   Thumb Code   124  tasks.o(i.vTaskDelay)
    vTaskDelayUntil                          0x08004d51   Thumb Code   238  tasks.o(i.vTaskDelayUntil)
    vTaskMissedYield                         0x08004e51   Thumb Code     8  tasks.o(i.vTaskMissedYield)
    vTaskNotifyGiveFromISR                   0x08004e5d   Thumb Code   246  tasks.o(i.vTaskNotifyGiveFromISR)
    vTaskPlaceOnEventList                    0x08004f6d   Thumb Code    52  tasks.o(i.vTaskPlaceOnEventList)
    vTaskPlaceOnEventListRestricted          0x08004fa5   Thumb Code   106  tasks.o(i.vTaskPlaceOnEventListRestricted)
    vTaskPriorityInherit                     0x08005019   Thumb Code   244  tasks.o(i.vTaskPriorityInherit)
    vTaskSetTimeOutState                     0x08005119   Thumb Code    38  tasks.o(i.vTaskSetTimeOutState)
    vTaskStartScheduler                      0x08005149   Thumb Code   118  tasks.o(i.vTaskStartScheduler)
    vTaskSuspendAll                          0x080051dd   Thumb Code    12  tasks.o(i.vTaskSuspendAll)
    vTaskSwitchContext                       0x080051ed   Thumb Code   134  tasks.o(i.vTaskSwitchContext)
    vTraceEnable                             0x08005289   Thumb Code    40  trcsnapshotrecorder.o(i.vTraceEnable)
    vTraceInitObjectHandleStack              0x08005325   Thumb Code    80  trckernelport.o(i.vTraceInitObjectHandleStack)
    vTraceInitObjectPropertyTable            0x08005379   Thumb Code   282  trckernelport.o(i.vTraceInitObjectPropertyTable)
    vTraceStart                              0x08005499   Thumb Code     8  trcsnapshotrecorder.o(i.vTraceStart)
    vTraceStop                               0x080054a1   Thumb Code    24  trcsnapshotrecorder.o(i.vTraceStop)
    vTraceStoreMemMangEvent                  0x080054c1   Thumb Code   210  trcsnapshotrecorder.o(i.vTraceStoreMemMangEvent)
    xPortStartScheduler                      0x080055a9   Thumb Code   288  port.o(i.xPortStartScheduler)
    xQueueGenericCreate                      0x080056e5   Thumb Code    88  queue.o(i.xQueueGenericCreate)
    xQueueGenericReceive                     0x0800573d   Thumb Code   780  queue.o(i.xQueueGenericReceive)
    xQueueGenericReset                       0x08005a51   Thumb Code   146  queue.o(i.xQueueGenericReset)
    xQueueGenericSend                        0x08005ae9   Thumb Code   698  queue.o(i.xQueueGenericSend)
    xQueueGenericSendFromISR                 0x08005dad   Thumb Code   386  queue.o(i.xQueueGenericSendFromISR)
    xTaskCheckForTimeOut                     0x08005f35   Thumb Code   132  tasks.o(i.xTaskCheckForTimeOut)
    xTaskCreate                              0x08005fc1   Thumb Code    96  tasks.o(i.xTaskCreate)
    xTaskGetCurrentTaskHandle                0x08006021   Thumb Code     6  tasks.o(i.xTaskGetCurrentTaskHandle)
    xTaskGetSchedulerState                   0x0800602d   Thumb Code    24  tasks.o(i.xTaskGetSchedulerState)
    xTaskGetTickCount                        0x0800604d   Thumb Code     6  tasks.o(i.xTaskGetTickCount)
    xTaskIncrementTick                       0x08006059   Thumb Code   328  tasks.o(i.xTaskIncrementTick)
    xTaskPriorityDisinherit                  0x080061d1   Thumb Code   264  tasks.o(i.xTaskPriorityDisinherit)
    xTaskRemoveFromEventList                 0x080062e5   Thumb Code   144  tasks.o(i.xTaskRemoveFromEventList)
    xTaskResumeAll                           0x0800638d   Thumb Code   236  tasks.o(i.xTaskResumeAll)
    xTimerCreateTimerTask                    0x0800649d   Thumb Code    66  timers.o(i.xTimerCreateTimerTask)
    xTimerGenericCommand                     0x080064f5   Thumb Code   286  timers.o(i.xTimerGenericCommand)
    _fp_init                                 0x08006619   Thumb Code    10  fpinit.o(x$fpl$fpinit)
    __fplib_config_fpu_vfp                   0x08006621   Thumb Code     0  fpinit.o(x$fpl$fpinit)
    __fplib_config_pureend_doubles           0x08006621   Thumb Code     0  fpinit.o(x$fpl$fpinit)
    __stdin_name                             0x08006622   Data           7  retarget_io.o(.constdata)
    __stdout_name                            0x08006629   Data           8  retarget_io.o(.constdata)
    __stderr_name                            0x08006631   Data           8  retarget_io.o(.constdata)
    AHBPrescTable                            0x08006639   Data          16  system_stm32f4xx.o(.constdata)
    APBPrescTable                            0x08006649   Data           8  system_stm32f4xx.o(.constdata)
    Region$$Table$$Base                      0x08006f30   Number         0  anon$$obj.o(Region$$Table)
    Region$$Table$$Limit                     0x08006f50   Number         0  anon$$obj.o(Region$$Table)
    timeout                                  0x20000000   Data           4  main.o(.data)
    Delay                                    0x20000004   Data           4  main.o(.data)
    myTaskFlags                              0x20000008   Data           4  main.o(.data)
    myIWatchDog                              0x2000000c   Data           4  main.o(.data)
    myEXTI                                   0x20000010   Data           4  main.o(.data)
    myADC1                                   0x20000014   Data           4  main.o(.data)
    ADCCommonControl                         0x20000018   Data           4  main.o(.data)
    myPortD                                  0x2000001c   Data           4  main.o(.data)
    myRCC                                    0x20000020   Data           4  main.o(.data)
    myTimer4                                 0x20000024   Data           4  main.o(.data)
    xAdjustSpeedTaskHandle                   0x20000028   Data           4  main.o(.data)
    uiInEventGroupSetBitsFromISR             0x20000030   Data           4  trckernelport.o(.data)
    TraceObjectClassTable                    0x20000034   Data           5  trckernelport.o(.data)
    isPendingContextSwitch                   0x20000044   Data           4  trcsnapshotrecorder.o(.data)
    uiTraceTickCount                         0x2000004c   Data           4  trcsnapshotrecorder.o(.data)
    trace_disable_timestamp                  0x20000050   Data           4  trcsnapshotrecorder.o(.data)
    recorder_busy                            0x20000058   Data           4  trcsnapshotrecorder.o(.data)
    timestampFrequency                       0x2000005c   Data           4  trcsnapshotrecorder.o(.data)
    traceErrorMessage                        0x20000060   Data           4  trcsnapshotrecorder.o(.data)
    nISRactive                               0x20000064   Data           1  trcsnapshotrecorder.o(.data)
    handle_of_last_logged_task               0x20000065   Data           1  trcsnapshotrecorder.o(.data)
    inExcludedTask                           0x20000066   Data           1  trcsnapshotrecorder.o(.data)
    vTraceStopHookPtr                        0x20000068   Data           4  trcsnapshotrecorder.o(.data)
    trcExcludedObjects                       0x20000070   Data           8  trcsnapshotrecorder.o(.data)
    init_hwtc_count                          0x20000078   Data           4  trcsnapshotrecorder.o(.data)
    RecorderDataPtr                          0x2000007c   Data           4  trcsnapshotrecorder.o(.data)
    SystemCoreClock                          0x20000098   Data           4  system_stm32f4xx.o(.data)
    pxCurrentTCB                             0x200000c0   Data           4  tasks.o(.data)
    __aeabi_stdin                            0x20000110   Data           4  stdio_streams.o(.data)
    __aeabi_stdout                           0x20000114   Data           4  stdio_streams.o(.data)
    __aeabi_stderr                           0x20000118   Data           4  stdio_streams.o(.data)
    trcExcludedEventCodes                    0x2000012c   Data          33  trcsnapshotrecorder.o(.bss)
    objectHandleStacks                       0x2000014e   Data         112  trcsnapshotrecorder.o(.bss)
    RecorderData                             0x200001c0   Data        6124  trcsnapshotrecorder.o(.bss)
    __stdin                                  0x20002a9c   Data          84  stdio_streams.o(.bss)
    __stdout                                 0x20002af0   Data          84  stdio_streams.o(.bss)
    __stderr                                 0x20002b44   Data          84  stdio_streams.o(.bss)
    __libspace_start                         0x20002b98   Data          96  libspace.o(.bss)
    __temporary_stack_top$libspace           0x20002bf8   Data           0  libspace.o(.bss)



==============================================================================

Memory Map of the image

  Image Entry point : 0x08000301

  Load Region LR_1 (Base: 0x08000000, Size: 0x0000706c, Max: 0xffffffff, ABSOLUTE)

    Execution Region ER_RO (Base: 0x08000000, Size: 0x00006f50, Max: 0xffffffff, ABSOLUTE)

    Base Addr    Size         Type   Attr      Idx    E Section Name        Object

    0x08000000   0x00000188   Data   RO          797    RESET               startup_stm32f407xx.o
    0x08000188   0x00000008   Code   RO         1965  * !!!main             c_w.l(__main.o)
    0x08000190   0x00000034   Code   RO         2312    !!!scatter          c_w.l(__scatter.o)
    0x080001c4   0x0000001a   Code   RO         2314    !!handler_copy      c_w.l(__scatter_copy.o)
    0x080001de   0x00000002   PAD
    0x080001e0   0x0000001c   Code   RO         2316    !!handler_zi        c_w.l(__scatter_zi.o)
    0x080001fc   0x00000000   Code   RO         1950    .ARM.Collect$$_printf_percent$$00000000  c_w.l(_printf_percent.o)
    0x080001fc   0x00000006   Code   RO         1949    .ARM.Collect$$_printf_percent$$00000009  c_w.l(_printf_d.o)
    0x08000202   0x00000006   Code   RO         1948    .ARM.Collect$$_printf_percent$$0000000C  c_w.l(_printf_x.o)
    0x08000208   0x00000004   Code   RO         1976    .ARM.Collect$$_printf_percent$$00000017  c_w.l(_printf_percent_end.o)
    0x0800020c   0x00000002   Code   RO         2105    .ARM.Collect$$libinit$$00000000  c_w.l(libinit.o)
    0x0800020e   0x00000004   Code   RO         2106    .ARM.Collect$$libinit$$00000001  c_w.l(libinit2.o)
    0x08000212   0x00000000   Code   RO         2109    .ARM.Collect$$libinit$$00000004  c_w.l(libinit2.o)
    0x08000212   0x00000008   Code   RO         2110    .ARM.Collect$$libinit$$00000005  c_w.l(libinit2.o)
    0x0800021a   0x00000000   Code   RO         2112    .ARM.Collect$$libinit$$0000000A  c_w.l(libinit2.o)
    0x0800021a   0x00000000   Code   RO         2114    .ARM.Collect$$libinit$$0000000C  c_w.l(libinit2.o)
    0x0800021a   0x00000000   Code   RO         2116    .ARM.Collect$$libinit$$0000000E  c_w.l(libinit2.o)
    0x0800021a   0x00000000   Code   RO         2119    .ARM.Collect$$libinit$$00000011  c_w.l(libinit2.o)
    0x0800021a   0x00000000   Code   RO         2121    .ARM.Collect$$libinit$$00000013  c_w.l(libinit2.o)
    0x0800021a   0x00000000   Code   RO         2123    .ARM.Collect$$libinit$$00000015  c_w.l(libinit2.o)
    0x0800021a   0x00000000   Code   RO         2125    .ARM.Collect$$libinit$$00000017  c_w.l(libinit2.o)
    0x0800021a   0x00000000   Code   RO         2127    .ARM.Collect$$libinit$$00000019  c_w.l(libinit2.o)
    0x0800021a   0x00000000   Code   RO         2129    .ARM.Collect$$libinit$$0000001B  c_w.l(libinit2.o)
    0x0800021a   0x00000000   Code   RO         2131    .ARM.Collect$$libinit$$0000001D  c_w.l(libinit2.o)
    0x0800021a   0x00000000   Code   RO         2133    .ARM.Collect$$libinit$$0000001F  c_w.l(libinit2.o)
    0x0800021a   0x00000000   Code   RO         2135    .ARM.Collect$$libinit$$00000021  c_w.l(libinit2.o)
    0x0800021a   0x00000000   Code   RO         2137    .ARM.Collect$$libinit$$00000023  c_w.l(libinit2.o)
    0x0800021a   0x00000004   Code   RO         2138    .ARM.Collect$$libinit$$00000024  c_w.l(libinit2.o)
    0x0800021e   0x00000000   Code   RO         2139    .ARM.Collect$$libinit$$00000025  c_w.l(libinit2.o)
    0x0800021e   0x00000000   Code   RO         2143    .ARM.Collect$$libinit$$0000002C  c_w.l(libinit2.o)
    0x0800021e   0x00000000   Code   RO         2145    .ARM.Collect$$libinit$$0000002E  c_w.l(libinit2.o)
    0x0800021e   0x00000000   Code   RO         2147    .ARM.Collect$$libinit$$00000030  c_w.l(libinit2.o)
    0x0800021e   0x00000000   Code   RO         2149    .ARM.Collect$$libinit$$00000032  c_w.l(libinit2.o)
    0x0800021e   0x00000002   Code   RO         2150    .ARM.Collect$$libinit$$00000033  c_w.l(libinit2.o)
    0x08000220   0x00000002   Code   RO         2291    .ARM.Collect$$libshutdown$$00000000  c_w.l(libshutdown.o)
    0x08000222   0x00000000   Code   RO         2152    .ARM.Collect$$libshutdown$$00000002  c_w.l(libshutdown2.o)
    0x08000222   0x00000004   Code   RO         2153    .ARM.Collect$$libshutdown$$00000003  c_w.l(libshutdown2.o)
    0x08000226   0x00000000   Code   RO         2154    .ARM.Collect$$libshutdown$$00000004  c_w.l(libshutdown2.o)
    0x08000226   0x00000000   Code   RO         2157    .ARM.Collect$$libshutdown$$00000007  c_w.l(libshutdown2.o)
    0x08000226   0x00000000   Code   RO         2160    .ARM.Collect$$libshutdown$$0000000A  c_w.l(libshutdown2.o)
    0x08000226   0x00000000   Code   RO         2162    .ARM.Collect$$libshutdown$$0000000C  c_w.l(libshutdown2.o)
    0x08000226   0x00000000   Code   RO         2165    .ARM.Collect$$libshutdown$$0000000F  c_w.l(libshutdown2.o)
    0x08000226   0x00000002   Code   RO         2166    .ARM.Collect$$libshutdown$$00000010  c_w.l(libshutdown2.o)
    0x08000228   0x00000000   Code   RO         1971    .ARM.Collect$$rtentry$$00000000  c_w.l(__rtentry.o)
    0x08000228   0x00000000   Code   RO         1989    .ARM.Collect$$rtentry$$00000002  c_w.l(__rtentry2.o)
    0x08000228   0x00000006   Code   RO         2001    .ARM.Collect$$rtentry$$00000004  c_w.l(__rtentry4.o)
    0x0800022e   0x00000000   Code   RO         1991    .ARM.Collect$$rtentry$$00000009  c_w.l(__rtentry2.o)
    0x0800022e   0x00000004   Code   RO         1992    .ARM.Collect$$rtentry$$0000000A  c_w.l(__rtentry2.o)
    0x08000232   0x00000000   Code   RO         1994    .ARM.Collect$$rtentry$$0000000C  c_w.l(__rtentry2.o)
    0x08000232   0x00000008   Code   RO         1995    .ARM.Collect$$rtentry$$0000000D  c_w.l(__rtentry2.o)
    0x0800023a   0x00000002   Code   RO         2172    .ARM.Collect$$rtexit$$00000000  c_w.l(rtexit.o)
    0x0800023c   0x00000000   Code   RO         2226    .ARM.Collect$$rtexit$$00000002  c_w.l(rtexit2.o)
    0x0800023c   0x00000004   Code   RO         2227    .ARM.Collect$$rtexit$$00000003  c_w.l(rtexit2.o)
    0x08000240   0x00000006   Code   RO         2228    .ARM.Collect$$rtexit$$00000004  c_w.l(rtexit2.o)
    0x08000246   0x00000002   PAD
    0x08000248   0x000000b6   Code   RO         1109    .emb_text           port.o
    0x080002fe   0x00000002   PAD
    0x08000300   0x00000000   Code   RO         2232    .emb_text           c_w.l(maybetermalloc1.o)
    0x08000300   0x00000040   Code   RO          798  * .text               startup_stm32f407xx.o
    0x08000340   0x00000018   Code   RO         1901    .text               c_w.l(noretval__2printf.o)
    0x08000358   0x00000078   Code   RO         1905    .text               c_w.l(_printf_dec.o)
    0x080003d0   0x00000058   Code   RO         1910    .text               c_w.l(_printf_hex_int.o)
    0x08000428   0x00000094   Code   RO         1928    .text               c_w.l(__printf_flags.o)
    0x080004bc   0x00000096   Code   RO         1951    .text               c_w.l(strncmp.o)
    0x08000552   0x0000008a   Code   RO         1953    .text               c_w.l(rt_memcpy_v6.o)
    0x080005dc   0x00000064   Code   RO         1955    .text               c_w.l(rt_memcpy_w.o)
    0x08000640   0x00000010   Code   RO         1957    .text               c_w.l(aeabi_memset.o)
    0x08000650   0x0000004e   Code   RO         1959    .text               c_w.l(rt_memclr_w.o)
    0x0800069e   0x00000002   PAD
    0x080006a0   0x00000080   Code   RO         1961    .text               c_w.l(strcmpv7m.o)
    0x08000720   0x00000006   Code   RO         1963    .text               c_w.l(heapauxi.o)
    0x08000726   0x000000b2   Code   RO         1972    .text               c_w.l(_printf_intcommon.o)
    0x080007d8   0x00000024   Code   RO         1974    .text               c_w.l(_printf_char_file.o)
    0x080007fc   0x00000044   Code   RO         1983    .text               c_w.l(rt_memclr.o)
    0x08000840   0x00000030   Code   RO         2003    .text               c_w.l(_printf_char_common.o)
    0x08000870   0x00000008   Code   RO         2005    .text               c_w.l(ferror.o)
    0x08000878   0x00000138   Code   RO         2011    .text               c_w.l(initio.o)
    0x080009b0   0x0000004a   Code   RO         2021    .text               c_w.l(sys_stackheap_outer.o)
    0x080009fa   0x0000004e   Code   RO         2025    .text               c_w.l(h1_free.o)
    0x08000a48   0x000001d6   Code   RO         2081    .text               c_w.l(flsbuf.o)
    0x08000c1e   0x00000046   Code   RO         2083    .text               c_w.l(setvbuf.o)
    0x08000c64   0x000000ec   Code   RO         2086    .text               c_w.l(fopen.o)
    0x08000d50   0x0000004c   Code   RO         2088    .text               c_w.l(fclose.o)
    0x08000d9c   0x00000012   Code   RO         2094    .text               c_w.l(exit.o)
    0x08000dae   0x0000000e   Code   RO         2096    .text               c_w.l(defsig_rtred_outer.o)
    0x08000dbc   0x00000008   Code   RO         2169    .text               c_w.l(libspace.o)
    0x08000dc4   0x00000008   Code   RO         2179    .text               c_w.l(rt_heap_descriptor_intlibspace.o)
    0x08000dcc   0x00000004   Code   RO         2181    .text               c_w.l(hguard.o)
    0x08000dd0   0x0000008a   Code   RO         2183    .text               c_w.l(init_alloc.o)
    0x08000e5a   0x0000005e   Code   RO         2189    .text               c_w.l(h1_alloc.o)
    0x08000eb8   0x000000f8   Code   RO         2205    .text               c_w.l(fseek.o)
    0x08000fb0   0x000000f0   Code   RO         2207    .text               c_w.l(stdio.o)
    0x080010a0   0x0000000a   Code   RO         2213    .text               c_w.l(defsig_exit.o)
    0x080010aa   0x00000002   PAD
    0x080010ac   0x00000034   Code   RO         2215    .text               c_w.l(defsig_rtred_inner.o)
    0x080010e0   0x0000000c   Code   RO         2223    .text               c_w.l(sys_exit.o)
    0x080010ec   0x0000000e   Code   RO         2234    .text               c_w.l(h1_init.o)
    0x080010fa   0x00000034   Code   RO         2236    .text               c_w.l(h1_extend.o)
    0x0800112e   0x00000042   Code   RO         2246    .text               c_w.l(ftell.o)
    0x08001170   0x00000032   Code   RO         2254    .text               c_w.l(defsig_general.o)
    0x080011a2   0x0000000e   Code   RO         2256    .text               c_w.l(defsig_rtmem_outer.o)
    0x080011b0   0x0000000e   Code   RO         2269    .text               c_w.l(sys_wrch.o)
    0x080011be   0x00000002   Code   RO         2273    .text               c_w.l(use_no_semi.o)
    0x080011c0   0x00000000   Code   RO         2275    .text               c_w.l(indicate_semi.o)
    0x080011c0   0x00000008   Code   RO         2279    .text               c_w.l(rt_errno_addr_intlibspace.o)
    0x080011c8   0x00000050   Code   RO         2285    .text               c_w.l(defsig_rtmem_inner.o)
    0x08001218   0x000000b4   Code   RO            4    i.ADC_IRQHandler    main.o
    0x080012cc   0x000000dc   Code   RO            5    i.AdjustMotorSpeed  main.o
    0x080013a8   0x000000c8   Code   RO            6    i.GaugeDistanceAndDrive  main.o
    0x08001470   0x00000030   Code   RO          711    i.ITM_SendChar      retarget_io.o
    0x080014a0   0x000000b4   Code   RO            7    i.IWDGCounterReload  main.o
    0x08001554   0x0000003c   Code   RO            8    i.LEDHeartBeat      main.o
    0x08001590   0x00000038   Code   RO            9    i.SampleIRSensors   main.o
    0x080015c8   0x00000034   Code   RO         1110    i.SysTick_Handler   port.o
    0x080015fc   0x000000c0   Code   RO          805    i.SystemCoreClockUpdate  system_stm32f4xx.o
    0x080016bc   0x00000064   Code   RO          806    i.SystemInit        system_stm32f4xx.o
    0x08001720   0x00000006   Code   RO          310    i.__get_PRIMASK     trcsnapshotrecorder.o
    0x08001726   0x00000006   Code   RO          311    i.__set_PRIMASK     trcsnapshotrecorder.o
    0x0800172c   0x00000026   Code   RO          712    i._sys_close        retarget_io.o
    0x08001752   0x00000024   Code   RO          713    i._sys_flen         retarget_io.o
    0x08001776   0x00000024   Code   RO          714    i._sys_istty        retarget_io.o
    0x0800179a   0x00000002   PAD
    0x0800179c   0x00000068   Code   RO          715    i._sys_open         retarget_io.o
    0x08001804   0x0000002c   Code   RO          717    i._sys_seek         retarget_io.o
    0x08001830   0x00000046   Code   RO          718    i._sys_write        retarget_io.o
    0x08001876   0x0000001a   Code   RO         2008    i.fputc             c_w.l(fputc.o)
    0x08001890   0x0000070c   Code   RO           11    i.main              main.o
    0x08001f9c   0x00000098   Code   RO         1420    i.prvAddCurrentTaskToDelayedList  tasks.o
    0x08002034   0x00000108   Code   RO         1421    i.prvAddNewTaskToReadyList  tasks.o
    0x0800213c   0x000000cc   Code   RO          312    i.prvCheckDataToBeOverwrittenForMultiEntryEvents  trcsnapshotrecorder.o
    0x08002208   0x0000004c   Code   RO         1770    i.prvCheckForValidListAndQueue  timers.o
    0x08002254   0x00000064   Code   RO         1422    i.prvCheckTasksWaitingTermination  tasks.o
    0x080022b8   0x0000002a   Code   RO         1198    i.prvCopyDataFromQueue  queue.o
    0x080022e2   0x0000007c   Code   RO         1199    i.prvCopyDataToQueue  queue.o
    0x0800235e   0x00000012   Code   RO         1423    i.prvDeleteTCB      tasks.o
    0x08002370   0x00000028   Code   RO         1771    i.prvGetNextExpireTime  timers.o
    0x08002398   0x0000007c   Code   RO         1036    i.prvHeapInit       heap_4.o
    0x08002414   0x00000028   Code   RO         1424    i.prvIdleTask       tasks.o
    0x0800243c   0x000000b0   Code   RO         1201    i.prvInitialiseNewQueue  queue.o
    0x080024ec   0x000000b4   Code   RO         1425    i.prvInitialiseNewTask  tasks.o
    0x080025a0   0x00000068   Code   RO         1426    i.prvInitialiseTaskLists  tasks.o
    0x08002608   0x00000068   Code   RO         1037    i.prvInsertBlockIntoFreeList  heap_4.o
    0x08002670   0x00000058   Code   RO         1773    i.prvInsertTimerInActiveList  timers.o
    0x080026c8   0x0000001a   Code   RO         1202    i.prvIsQueueEmpty   queue.o
    0x080026e2   0x0000001e   Code   RO         1203    i.prvIsQueueFull    queue.o
    0x08002700   0x00000020   Code   RO          313    i.prvMarkObjectAsUsed  trcsnapshotrecorder.o
    0x08002720   0x000000fc   Code   RO         1204    i.prvNotifyQueueSetContainer  queue.o
    0x0800281c   0x00000064   Code   RO         1774    i.prvProcessExpiredTimer  timers.o
    0x08002880   0x000000f8   Code   RO         1775    i.prvProcessReceivedCommands  timers.o
    0x08002978   0x00000074   Code   RO         1776    i.prvProcessTimerOrBlockTask  timers.o
    0x080029ec   0x00000034   Code   RO         1428    i.prvResetNextTaskUnblockTime  tasks.o
    0x08002a20   0x0000002c   Code   RO         1777    i.prvSampleTimeNow  timers.o
    0x08002a4c   0x0000001c   Code   RO          314    i.prvStrncpy        trcsnapshotrecorder.o
    0x08002a68   0x000000a0   Code   RO         1778    i.prvSwitchTimerLists  timers.o
    0x08002b08   0x00000040   Code   RO         1111    i.prvTaskExitError  port.o
    0x08002b48   0x0000001a   Code   RO         1779    i.prvTimerTask      timers.o
    0x08002b62   0x00000002   PAD
    0x08002b64   0x000001b4   Code   RO          315    i.prvTraceCreateSymbolTableEntry  trcsnapshotrecorder.o
    0x08002d18   0x00000040   Code   RO          316    i.prvTraceError     trcsnapshotrecorder.o
    0x08002d58   0x000000a4   Code   RO          317    i.prvTraceFreeObjectHandle  trcsnapshotrecorder.o
    0x08002dfc   0x000000ec   Code   RO          318    i.prvTraceGetChecksum  trcsnapshotrecorder.o
    0x08002ee8   0x00000008   Code   RO          192    i.prvTraceGetCurrentTaskHandle  trckernelport.o
    0x08002ef0   0x000001c8   Code   RO          319    i.prvTraceGetDTS    trcsnapshotrecorder.o
    0x080030b8   0x000001a0   Code   RO          320    i.prvTraceGetObjectHandle  trcsnapshotrecorder.o
    0x08003258   0x0000000e   Code   RO          193    i.prvTraceGetObjectNumber  trckernelport.o
    0x08003266   0x00000002   PAD
    0x08003268   0x0000008c   Code   RO          321    i.prvTraceGetObjectState  trcsnapshotrecorder.o
    0x080032f4   0x0000000c   Code   RO          194    i.prvTraceGetObjectType  trckernelport.o
    0x08003300   0x00000090   Code   RO          322    i.prvTraceGetParam  trcsnapshotrecorder.o
    0x08003390   0x00000094   Code   RO          323    i.prvTraceGetPriorityProperty  trcsnapshotrecorder.o
    0x08003424   0x0000000e   Code   RO          195    i.prvTraceGetTaskNumber  trckernelport.o
    0x08003432   0x00000002   PAD
    0x08003434   0x000000b4   Code   RO          324    i.prvTraceInitCortexM  trcsnapshotrecorder.o
    0x080034e8   0x000001fc   Code   RO          325    i.prvTraceInitTraceData  trcsnapshotrecorder.o
    0x080036e4   0x00000124   Code   RO          326    i.prvTraceLookupSymbolTableEntry  trcsnapshotrecorder.o
    0x08003808   0x00000064   Code   RO          327    i.prvTraceNextFreeEventBufferSlot  trcsnapshotrecorder.o
    0x0800386c   0x000000ac   Code   RO          328    i.prvTraceOpenSymbol  trcsnapshotrecorder.o
    0x08003918   0x00000064   Code   RO          329    i.prvTracePortGetTimeStamp  trcsnapshotrecorder.o
    0x0800397c   0x00000118   Code   RO          330    i.prvTraceSetObjectName  trcsnapshotrecorder.o
    0x08003a94   0x0000008c   Code   RO          331    i.prvTraceSetObjectState  trcsnapshotrecorder.o
    0x08003b20   0x00000094   Code   RO          332    i.prvTraceSetPriorityProperty  trcsnapshotrecorder.o
    0x08003bb4   0x00000044   Code   RO          334    i.prvTraceSetTaskInstanceFinished  trcsnapshotrecorder.o
    0x08003bf8   0x00000160   Code   RO          335    i.prvTraceStoreKernelCall  trcsnapshotrecorder.o
    0x08003d58   0x00000100   Code   RO          336    i.prvTraceStoreKernelCallWithNumericParamOnly  trcsnapshotrecorder.o
    0x08003e58   0x00000178   Code   RO          337    i.prvTraceStoreKernelCallWithParam  trcsnapshotrecorder.o
    0x08003fd0   0x0000007c   Code   RO          339    i.prvTraceStoreObjectNameOnCloseEvent  trcsnapshotrecorder.o
    0x0800404c   0x00000094   Code   RO          340    i.prvTraceStoreObjectPropertiesOnCloseEvent  trcsnapshotrecorder.o
    0x080040e0   0x00000124   Code   RO          341    i.prvTraceStoreTaskReady  trcsnapshotrecorder.o
    0x08004204   0x000000f4   Code   RO          342    i.prvTraceStoreTaskswitch  trcsnapshotrecorder.o
    0x080042f8   0x00000054   Code   RO          344    i.prvTraceUpdateCounters  trcsnapshotrecorder.o
    0x0800434c   0x00000092   Code   RO         1205    i.prvUnlockQueue    queue.o
    0x080043de   0x00000002   PAD
    0x080043e0   0x00000080   Code   RO          197    i.pszTraceGetErrorNotEnoughHandles  trckernelport.o
    0x08004460   0x0000014c   Code   RO         1038    i.pvPortMalloc      heap_4.o
    0x080045ac   0x00000020   Code   RO         1431    i.pvTaskIncrementMutexHeldCount  tasks.o
    0x080045cc   0x0000002c   Code   RO         1112    i.pxPortInitialiseStack  port.o
    0x080045f8   0x0000000c   Code   RO          719    i.stdout_putchar    retarget_io.o
    0x08004604   0x00000008   Code   RO         1206    i.ucQueueGetQueueType  queue.o
    0x0800460c   0x0000012c   Code   RO          346    i.uiIndexOfObject   trcsnapshotrecorder.o
    0x08004738   0x00000154   Code   RO          198    i.uiTraceIsObjectExcluded  trckernelport.o
    0x0800488c   0x000000a8   Code   RO          348    i.uiTraceStart      trcsnapshotrecorder.o
    0x08004934   0x000000d8   Code   RO         1432    i.ulTaskNotifyTake  tasks.o
    0x08004a0c   0x00000028   Code   RO          988    i.uxListRemove      list.o
    0x08004a34   0x00000006   Code   RO         1207    i.uxQueueGetQueueNumber  queue.o
    0x08004a3a   0x0000000e   Code   RO         1435    i.uxTaskGetTaskNumber  tasks.o
    0x08004a48   0x0000001a   Code   RO          989    i.vListInitialise   list.o
    0x08004a62   0x00000006   Code   RO          990    i.vListInitialiseItem  list.o
    0x08004a68   0x00000034   Code   RO          991    i.vListInsert       list.o
    0x08004a9c   0x00000018   Code   RO          992    i.vListInsertEnd    list.o
    0x08004ab4   0x00000054   Code   RO         1114    i.vPortEnterCritical  port.o
    0x08004b08   0x0000003c   Code   RO         1115    i.vPortExitCritical  port.o
    0x08004b44   0x000000a0   Code   RO         1039    i.vPortFree         heap_4.o
    0x08004be4   0x00000020   Code   RO         1116    i.vPortSetupTimerInterrupt  port.o
    0x08004c04   0x00000078   Code   RO         1117    i.vPortValidateInterruptPriority  port.o
    0x08004c7c   0x0000004a   Code   RO         1213    i.vQueueWaitForMessageRestricted  queue.o
    0x08004cc6   0x00000002   PAD
    0x08004cc8   0x00000088   Code   RO         1439    i.vTaskDelay        tasks.o
    0x08004d50   0x00000100   Code   RO         1440    i.vTaskDelayUntil   tasks.o
    0x08004e50   0x0000000c   Code   RO         1444    i.vTaskMissedYield  tasks.o
    0x08004e5c   0x00000110   Code   RO         1445    i.vTaskNotifyGiveFromISR  tasks.o
    0x08004f6c   0x00000038   Code   RO         1446    i.vTaskPlaceOnEventList  tasks.o
    0x08004fa4   0x00000074   Code   RO         1447    i.vTaskPlaceOnEventListRestricted  tasks.o
    0x08005018   0x00000100   Code   RO         1449    i.vTaskPriorityInherit  tasks.o
    0x08005118   0x00000030   Code   RO         1453    i.vTaskSetTimeOutState  tasks.o
    0x08005148   0x00000094   Code   RO         1454    i.vTaskStartScheduler  tasks.o
    0x080051dc   0x00000010   Code   RO         1456    i.vTaskSuspendAll   tasks.o
    0x080051ec   0x0000009c   Code   RO         1457    i.vTaskSwitchContext  tasks.o
    0x08005288   0x0000009c   Code   RO          351    i.vTraceEnable      trcsnapshotrecorder.o
    0x08005324   0x00000054   Code   RO          199    i.vTraceInitObjectHandleStack  trckernelport.o
    0x08005378   0x00000120   Code   RO          200    i.vTraceInitObjectPropertyTable  trckernelport.o
    0x08005498   0x00000008   Code   RO          359    i.vTraceStart       trcsnapshotrecorder.o
    0x080054a0   0x00000020   Code   RO          360    i.vTraceStop        trcsnapshotrecorder.o
    0x080054c0   0x000000e8   Code   RO          363    i.vTraceStoreMemMangEvent  trcsnapshotrecorder.o
    0x080055a8   0x0000013c   Code   RO         1118    i.xPortStartScheduler  port.o
    0x080056e4   0x00000058   Code   RO         1218    i.xQueueGenericCreate  queue.o
    0x0800573c   0x00000314   Code   RO         1219    i.xQueueGenericReceive  queue.o
    0x08005a50   0x00000098   Code   RO         1220    i.xQueueGenericReset  queue.o
    0x08005ae8   0x000002c4   Code   RO         1221    i.xQueueGenericSend  queue.o
    0x08005dac   0x00000188   Code   RO         1222    i.xQueueGenericSendFromISR  queue.o
    0x08005f34   0x0000008c   Code   RO         1458    i.xTaskCheckForTimeOut  tasks.o
    0x08005fc0   0x00000060   Code   RO         1459    i.xTaskCreate       tasks.o
    0x08006020   0x0000000c   Code   RO         1462    i.xTaskGetCurrentTaskHandle  tasks.o
    0x0800602c   0x00000020   Code   RO         1463    i.xTaskGetSchedulerState  tasks.o
    0x0800604c   0x0000000c   Code   RO         1464    i.xTaskGetTickCount  tasks.o
    0x08006058   0x00000178   Code   RO         1466    i.xTaskIncrementTick  tasks.o
    0x080061d0   0x00000114   Code   RO         1469    i.xTaskPriorityDisinherit  tasks.o
    0x080062e4   0x000000a8   Code   RO         1470    i.xTaskRemoveFromEventList  tasks.o
    0x0800638c   0x00000110   Code   RO         1472    i.xTaskResumeAll    tasks.o
    0x0800649c   0x00000058   Code   RO         1783    i.xTimerCreateTimerTask  timers.o
    0x080064f4   0x00000124   Code   RO         1784    i.xTimerGenericCommand  timers.o
    0x08006618   0x0000000a   Code   RO         2221    x$fpl$fpinit        fz_wm.l(fpinit.o)
    0x08006622   0x00000017   Data   RO          720    .constdata          retarget_io.o
    0x08006639   0x00000018   Data   RO          807    .constdata          system_stm32f4xx.o
    0x08006651   0x00000028   Data   RO         1911    .constdata          c_w.l(_printf_hex_int.o)
    0x08006679   0x00000011   Data   RO         1929    .constdata          c_w.l(__printf_flags.o)
    0x0800668a   0x00000002   PAD
    0x0800668c   0x0000025e   Data   RO          204    .conststring        trckernelport.o
    0x080068ea   0x00000002   PAD
    0x080068ec   0x00000641   Data   RO          372    .conststring        trcsnapshotrecorder.o
    0x08006f2d   0x00000003   PAD
    0x08006f30   0x00000020   Data   RO         2310    Region$$Table       anon$$obj.o


    Execution Region ER_RW (Base: 0x20000000, Size: 0x0000011c, Max: 0xffffffff, ABSOLUTE)

    Base Addr    Size         Type   Attr      Idx    E Section Name        Object

    0x20000000   0x0000002e   Data   RW           14    .data               main.o
    0x2000002e   0x00000002   PAD
    0x20000030   0x00000009   Data   RW          205    .data               trckernelport.o
    0x20000039   0x00000003   PAD
    0x2000003c   0x0000005c   Data   RW          373    .data               trcsnapshotrecorder.o
    0x20000098   0x00000004   Data   RW          808    .data               system_stm32f4xx.o
    0x2000009c   0x00000018   Data   RW         1044    .data               heap_4.o
    0x200000b4   0x0000000c   Data   RW         1119    .data               port.o
    0x200000c0   0x0000003c   Data   RW         1475    .data               tasks.o
    0x200000fc   0x00000014   Data   RW         1790    .data               timers.o
    0x20000110   0x00000004   Data   RW         1980    .data               c_w.l(stdio_streams.o)
    0x20000114   0x00000004   Data   RW         1981    .data               c_w.l(stdio_streams.o)
    0x20000118   0x00000004   Data   RW         1982    .data               c_w.l(stdio_streams.o)


    Execution Region ER_ZI (Base: 0x2000011c, Size: 0x000030dc, Max: 0xffffffff, ABSOLUTE)

    Base Addr    Size         Type   Attr      Idx    E Section Name        Object

    0x2000011c   0x00000010   Zero   RW           13    .bss                main.o
    0x2000012c   0x00001880   Zero   RW          371    .bss                trcsnapshotrecorder.o
    0x200019ac   0x00001000   Zero   RW         1043    .bss                heap_4.o
    0x200029ac   0x000000c8   Zero   RW         1474    .bss                tasks.o
    0x20002a74   0x00000028   Zero   RW         1789    .bss                timers.o
    0x20002a9c   0x00000054   Zero   RW         1977    .bss                c_w.l(stdio_streams.o)
    0x20002af0   0x00000054   Zero   RW         1978    .bss                c_w.l(stdio_streams.o)
    0x20002b44   0x00000054   Zero   RW         1979    .bss                c_w.l(stdio_streams.o)
    0x20002b98   0x00000060   Zero   RW         2170    .bss                c_w.l(libspace.o)
    0x20002bf8   0x00000200   Zero   RW          796    HEAP                startup_stm32f407xx.o
    0x20002df8   0x00000400   Zero   RW          795    STACK               startup_stm32f407xx.o


==============================================================================

Image component sizes


      Code (inc. data)   RO Data    RW Data    ZI Data      Debug   Object Name

         0          0          0          0          0       9488   event_groups.o
         0          0          0          0          0       2432   freertos_evr.o
       720         62          0         24       4096      12647   heap_4.o
       148          0          0          0          0       3402   list.o
      2700        510          0         46         16     618141   main.o
       954         92          0         12          0      11761   port.o
      3012         42          0          0          0      15404   queue.o
       388         30         23          0          0       6798   retarget_io.o
        64         26        392          0       1536        864   startup_stm32f407xx.o
       292         40         24          4          0       2051   system_stm32f4xx.o
      4028        436          0         60        200      28100   tasks.o
      1278        110          0         20         40       9939   timers.o
       888        226        606          9          0       6261   trckernelport.o
      7240       2372       1601         92       6272      49630   trcsnapshotrecorder.o

    ----------------------------------------------------------------------
     21726       3946       2683        272      12160     776918   Object Totals
         0          0         32          0          0          0   (incl. Generated)
        14          0          5          5          0          0   (incl. Padding)

    ----------------------------------------------------------------------

      Code (inc. data)   RO Data    RW Data    ZI Data      Debug   Library Member Name

         8          0          0          0          0         68   __main.o
       148          4         17          0          0         84   __printf_flags.o
         0          0          0          0          0          0   __rtentry.o
        12          0          0          0          0          0   __rtentry2.o
         6          0          0          0          0          0   __rtentry4.o
        52          8          0          0          0          0   __scatter.o
        26          0          0          0          0          0   __scatter_copy.o
        28          0          0          0          0          0   __scatter_zi.o
        48          6          0          0          0         96   _printf_char_common.o
        36          4          0          0          0         80   _printf_char_file.o
         6          0          0          0          0          0   _printf_d.o
       120         16          0          0          0         92   _printf_dec.o
        88          4         40          0          0         88   _printf_hex_int.o
       178          0          0          0          0         88   _printf_intcommon.o
         0          0          0          0          0          0   _printf_percent.o
         4          0          0          0          0          0   _printf_percent_end.o
         6          0          0          0          0          0   _printf_x.o
        16          0          0          0          0         68   aeabi_memset.o
        10          0          0          0          0         68   defsig_exit.o
        50          0          0          0          0         88   defsig_general.o
        80         58          0          0          0         76   defsig_rtmem_inner.o
        14          0          0          0          0         80   defsig_rtmem_outer.o
        52         38          0          0          0         76   defsig_rtred_inner.o
        14          0          0          0          0         80   defsig_rtred_outer.o
        18          0          0          0          0         80   exit.o
        76          0          0          0          0         88   fclose.o
         8          0          0          0          0         68   ferror.o
       470          0          0          0          0         88   flsbuf.o
       236          4          0          0          0        128   fopen.o
        26          0          0          0          0         68   fputc.o
       248          6          0          0          0         84   fseek.o
        66          0          0          0          0         76   ftell.o
        94          0          0          0          0         80   h1_alloc.o
        52          0          0          0          0         68   h1_extend.o
        78          0          0          0          0         80   h1_free.o
        14          0          0          0          0         84   h1_init.o
         6          0          0          0          0        152   heapauxi.o
         4          0          0          0          0        136   hguard.o
         0          0          0          0          0          0   indicate_semi.o
       138          0          0          0          0        168   init_alloc.o
       312         46          0          0          0        112   initio.o
         2          0          0          0          0          0   libinit.o
        18          0          0          0          0          0   libinit2.o
         2          0          0          0          0          0   libshutdown.o
         6          0          0          0          0          0   libshutdown2.o
         8          4          0          0         96         68   libspace.o
         0          0          0          0          0          0   maybetermalloc1.o
        24          4          0          0          0         84   noretval__2printf.o
         8          4          0          0          0         68   rt_errno_addr_intlibspace.o
         8          4          0          0          0         68   rt_heap_descriptor_intlibspace.o
        68          0          0          0          0         68   rt_memclr.o
        78          0          0          0          0         80   rt_memclr_w.o
       138          0          0          0          0         68   rt_memcpy_v6.o
       100          0          0          0          0         80   rt_memcpy_w.o
         2          0          0          0          0          0   rtexit.o
        10          0          0          0          0          0   rtexit2.o
        70          0          0          0          0         80   setvbuf.o
       240          6          0          0          0        156   stdio.o
         0          0          0         12        252          0   stdio_streams.o
       128          0          0          0          0         68   strcmpv7m.o
       150          0          0          0          0         80   strncmp.o
        12          4          0          0          0         68   sys_exit.o
        74          0          0          0          0         80   sys_stackheap_outer.o
        14          0          0          0          0         76   sys_wrch.o
         2          0          0          0          0         68   use_no_semi.o
        10          0          0          0          0        116   fpinit.o

    ----------------------------------------------------------------------
      4028        220         59         12        348       4068   Library Totals
         8          0          2          0          0          0   (incl. Padding)

    ----------------------------------------------------------------------

      Code (inc. data)   RO Data    RW Data    ZI Data      Debug   Library Name

      4010        220         57         12        348       3952   c_w.l
        10          0          0          0          0        116   fz_wm.l

    ----------------------------------------------------------------------
      4028        220         59         12        348       4068   Library Totals

    ----------------------------------------------------------------------

==============================================================================


      Code (inc. data)   RO Data    RW Data    ZI Data      Debug   

     25754       4166       2742        284      12508     765350   Grand Totals
     25754       4166       2742        284      12508     765350   ELF Image Totals
     25754       4166       2742        284          0          0   ROM Totals

==============================================================================

    Total RO  Size (Code + RO Data)                28496 (  27.83kB)
    Total RW  Size (RW Data + ZI Data)             12792 (  12.49kB)
    Total ROM Size (Code + RO Data + RW Data)      28780 (  28.11kB)

==============================================================================

